Product: MDK-ARM Standard 5.10
Component: ARM Compiler 5.04 update 1 (build 49)
Tool: armlink [5040049]

==============================================================================

Section Cross References

    system_stm32f4xx.o(i.SystemCoreClockUpdate) refers to system_stm32f4xx.o(.data) for SystemCoreClock
    system_stm32f4xx.o(i.SystemInit) refers to system_stm32f4xx.o(i._Z11SetSysClockv) for SetSysClock()
    system_stm32f4xx.o(.ARM.exidx) refers to system_stm32f4xx.o(i._Z11SetSysClockv) for i._Z11SetSysClockv
    system_stm32f4xx.o(.ARM.exidx) refers to system_stm32f4xx.o(i.SystemInit) for i.SystemInit
    system_stm32f4xx.o(.ARM.exidx) refers to system_stm32f4xx.o(i.SystemCoreClockUpdate) for i.SystemCoreClockUpdate
    startup_stm32f40_41xxx.o(RESET) refers to startup_stm32f40_41xxx.o(STACK) for __initial_sp
    startup_stm32f40_41xxx.o(RESET) refers to startup_stm32f40_41xxx.o(.text) for Reset_Handler
    startup_stm32f40_41xxx.o(RESET) refers to stm32f4xx_it.o(i.NMI_Handler) for NMI_Handler
    startup_stm32f40_41xxx.o(RESET) refers to stm32f4xx_it.o(i.HardFault_Handler) for HardFault_Handler
    startup_stm32f40_41xxx.o(RESET) refers to stm32f4xx_it.o(i.MemManage_Handler) for MemManage_Handler
    startup_stm32f40_41xxx.o(RESET) refers to stm32f4xx_it.o(i.BusFault_Handler) for BusFault_Handler
    startup_stm32f40_41xxx.o(RESET) refers to stm32f4xx_it.o(i.UsageFault_Handler) for UsageFault_Handler
    startup_stm32f40_41xxx.o(RESET) refers to stm32f4xx_it.o(i.SVC_Handler) for SVC_Handler
    startup_stm32f40_41xxx.o(RESET) refers to stm32f4xx_it.o(i.DebugMon_Handler) for DebugMon_Handler
    startup_stm32f40_41xxx.o(RESET) refers to stm32f4xx_it.o(i.PendSV_Handler) for PendSV_Handler
    startup_stm32f40_41xxx.o(RESET) refers to stm32f4xx_it.o(i.SysTick_Handler) for SysTick_Handler
    startup_stm32f40_41xxx.o(RESET) refers to key.o(i.EXTI9_5_IRQHandler) for EXTI9_5_IRQHandler
    startup_stm32f40_41xxx.o(RESET) refers to tim.o(i.TIM4_IRQHandler) for TIM4_IRQHandler
    startup_stm32f40_41xxx.o(RESET) refers to usart.o(i.USART1_IRQHandler) for USART1_IRQHandler
    startup_stm32f40_41xxx.o(RESET) refers to motorencoder.o(i.EXTI15_10_IRQHandler) for EXTI15_10_IRQHandler
    startup_stm32f40_41xxx.o(RESET) refers to usart.o(i.USART6_IRQHandler) for USART6_IRQHandler
    startup_stm32f40_41xxx.o(.text) refers to system_stm32f4xx.o(i.SystemInit) for SystemInit
    startup_stm32f40_41xxx.o(.text) refers to entry.o(.ARM.Collect$$$$00000000) for __main
    stm32f4xx_it.o(.ARM.exidx) refers to stm32f4xx_it.o(i.NMI_Handler) for i.NMI_Handler
    stm32f4xx_it.o(.ARM.exidx) refers to stm32f4xx_it.o(i.HardFault_Handler) for i.HardFault_Handler
    stm32f4xx_it.o(.ARM.exidx) refers to stm32f4xx_it.o(i.MemManage_Handler) for i.MemManage_Handler
    stm32f4xx_it.o(.ARM.exidx) refers to stm32f4xx_it.o(i.BusFault_Handler) for i.BusFault_Handler
    stm32f4xx_it.o(.ARM.exidx) refers to stm32f4xx_it.o(i.UsageFault_Handler) for i.UsageFault_Handler
    stm32f4xx_it.o(.ARM.exidx) refers to stm32f4xx_it.o(i.SVC_Handler) for i.SVC_Handler
    stm32f4xx_it.o(.ARM.exidx) refers to stm32f4xx_it.o(i.DebugMon_Handler) for i.DebugMon_Handler
    stm32f4xx_it.o(.ARM.exidx) refers to stm32f4xx_it.o(i.PendSV_Handler) for i.PendSV_Handler
    stm32f4xx_it.o(.ARM.exidx) refers to stm32f4xx_it.o(i.SysTick_Handler) for i.SysTick_Handler
    misc.o(.ARM.exidx) refers to misc.o(i.NVIC_PriorityGroupConfig) for i.NVIC_PriorityGroupConfig
    misc.o(.ARM.exidx) refers to misc.o(i.NVIC_Init) for i.NVIC_Init
    misc.o(.ARM.exidx) refers to misc.o(i.NVIC_SetVectorTable) for i.NVIC_SetVectorTable
    misc.o(.ARM.exidx) refers to misc.o(i.NVIC_SystemLPConfig) for i.NVIC_SystemLPConfig
    misc.o(.ARM.exidx) refers to misc.o(i.SysTick_CLKSourceConfig) for i.SysTick_CLKSourceConfig
    stm32f4xx_adc.o(i.ADC_DeInit) refers to stm32f4xx_rcc.o(i.RCC_APB2PeriphResetCmd) for RCC_APB2PeriphResetCmd
    stm32f4xx_adc.o(.ARM.exidx) refers to stm32f4xx_adc.o(i.ADC_DeInit) for i.ADC_DeInit
    stm32f4xx_adc.o(.ARM.exidx) refers to stm32f4xx_adc.o(i.ADC_Init) for i.ADC_Init
    stm32f4xx_adc.o(.ARM.exidx) refers to stm32f4xx_adc.o(i.ADC_StructInit) for i.ADC_StructInit
    stm32f4xx_adc.o(.ARM.exidx) refers to stm32f4xx_adc.o(i.ADC_CommonInit) for i.ADC_CommonInit
    stm32f4xx_adc.o(.ARM.exidx) refers to stm32f4xx_adc.o(i.ADC_CommonStructInit) for i.ADC_CommonStructInit
    stm32f4xx_adc.o(.ARM.exidx) refers to stm32f4xx_adc.o(i.ADC_Cmd) for i.ADC_Cmd
    stm32f4xx_adc.o(.ARM.exidx) refers to stm32f4xx_adc.o(i.ADC_AnalogWatchdogCmd) for i.ADC_AnalogWatchdogCmd
    stm32f4xx_adc.o(.ARM.exidx) refers to stm32f4xx_adc.o(i.ADC_AnalogWatchdogThresholdsConfig) for i.ADC_AnalogWatchdogThresholdsConfig
    stm32f4xx_adc.o(.ARM.exidx) refers to stm32f4xx_adc.o(i.ADC_AnalogWatchdogSingleChannelConfig) for i.ADC_AnalogWatchdogSingleChannelConfig
[...]
    LCD_Show_Tree(_LCD_Show_Structure*)      0x08002e01   Thumb Code    52  lcd_show.o(i._Z13LCD_Show_TreeP19_LCD_Show_Structure)
    PF_Flat_scene()                          0x08002e3d   Thumb Code   270  processfunctions.o(i._Z13PF_Flat_scenev)
    TrackSpeedOut(int, int)                  0x08002fd1   Thumb Code    36  track.o(i._Z13TrackSpeedOutii)
    Treasure_Main()                          0x08002ff9   Thumb Code   130  treasure.o(i._Z13Treasure_Mainv)
    _LCD_printBin(void*, _LCD_Show_Structure*) 0x08003089   Thumb Code    68  lcd_print.o(i._Z13_LCD_printBinPvP19_LCD_Show_Structure)
    _LCD_printDec(void*, _LCD_Show_Structure*) 0x080030cd   Thumb Code    92  lcd_print.o(i._Z13_LCD_printDecPvP19_LCD_Show_Structure)
    _LCD_printHex(void*, _LCD_Show_Structure*) 0x08003129   Thumb Code    92  lcd_print.o(i._Z13_LCD_printHexPvP19_LCD_Show_Structure)
    _LCD_printstr(void*, _LCD_Show_Structure*) 0x08003185   Thumb Code    28  lcd_print.o(i._Z13_LCD_printstrPvP19_LCD_Show_Structure)
    getToLine_std(int)                       0x080031a1   Thumb Code    18  track.o(i._Z13getToLine_stdi)
    getoffset_mid(int)                       0x080031b9   Thumb Code    72  track.o(i._Z13getoffset_midi)
    laserIsOnLine(int)                       0x08003209   Thumb Code    30  photoswitch.o(i._Z13laserIsOnLinei)
    setPixelColor(unsigned long)             0x08003227   Thumb Code    12  ws2811.o(i._Z13setPixelColorm)
    turnToOnLine1(int, int)                  0x08003235   Thumb Code   160  motor.o(i._Z13turnToOnLine1ii)
    Action_Handsup()                         0x080032e9   Thumb Code    12  actions.o(i._Z14Action_Handsupv)
    Flash_Add_Data(int*, char*)              0x080032f5   Thumb Code    30  flash.o(i._Z14Flash_Add_DataPiPc)
    KeyFitterClear()                         0x08003319   Thumb Code     8  key.o(i._Z14KeyFitterClearv)
    LCD_Print_init()                         0x08003325   Thumb Code   192  lcd_print.o(i._Z14LCD_Print_initv)
    LCD_Show_Clear()                         0x08003405   Thumb Code    48  lcd_show.o(i._Z14LCD_Show_Clearv)
    LCD_Show_PutCh(char, int, _LCD_Show_Structure*) 0x08003439   Thumb Code    38  lcd_show.o(i._Z14LCD_Show_PutChciP19_LCD_Show_Structure)
    LED_SPI_Update(unsigned long*, unsigned) 0x08003461   Thumb Code   148  ws2811.o(i._Z14LED_SPI_UpdatePmj)
    PF_CircleEnter()                         0x08003501   Thumb Code    24  processfunctions.o(i._Z14PF_CircleEnterv)
    Treasure_Begin()                         0x08003529   Thumb Code     8  treasure.o(i._Z14Treasure_Beginv)
    Treasure_Reset()                         0x08003535   Thumb Code    10  treasure.o(i._Z14Treasure_Resetv)
    Treasure_Write()                         0x08003545   Thumb Code    18  treasure.o(i._Z14Treasure_Writev)
    getFrontIRData()                         0x08003565   Thumb Code    18  buttonir.o(i._Z14getFrontIRDatav)
    getTreasurePos(int)                      0x0800357d   Thumb Code    26  treasure.o(i._Z14getTreasurePosi)
    runActionGroup(unsigned char, unsigned short) 0x080035b9   Thumb Code    54  lobotservocontroller.o(i._Z14runActionGroupht)
    Click_Triggered()                        0x080035f1   Thumb Code    22  key.o(i._Z15Click_Triggeredv)
    LCD_Add_To_Node(_LCD_Show_Structure*, _LCD_Show_Structure*) 0x0800360d   Thumb Code    70  lcd_show.o(i._Z15LCD_Add_To_NodeP19_LCD_Show_StructureS0_)
    LCD_DisplayChar(unsigned short, unsigned short, unsigned char, unsigned char) 0x08003689   Thumb Code   230  lcd.o(i._Z15LCD_DisplayChartthh)
    LCD_Display_Dir(unsigned char)           0x0800378d   Thumb Code   156  lcd.o(i._Z15LCD_Display_Dirh)
    LCD_FSMC_Config()                        0x08003845   Thumb Code   530  lcd.o(i._Z15LCD_FSMC_Configv)
    PF_normal_scene()                        0x08003a69   Thumb Code    36  processfunctions.o(i._Z15PF_normal_scenev)
    PhotoSwitchInit()                        0x08003aa1   Thumb Code    60  photoswitch.o(i._Z15PhotoSwitchInitv)
    RaspiImportData(unsigned char)           0x08003ae9   Thumb Code    24  respcom.o(i._Z15RaspiImportDatah)
    _Flash_Add_Data(int*, char*, int)        0x08003b15   Thumb Code    78  flash.o(i._Z15_Flash_Add_DataPiPci)
    _LCD_Show_Putch(char, _LCD_Show_Structure*) 0x08003b71   Thumb Code    48  lcd_print.o(i._Z15_LCD_Show_PutchcP19_LCD_Show_Structure)
    _LCD_printFloat(void*, _LCD_Show_Structure*) 0x08003ba1   Thumb Code   114  lcd_print.o(i._Z15_LCD_printFloatPvP19_LCD_Show_Structure)
    getButtonIRdata()                        0x08003c1d   Thumb Code    24  buttonir.o(i._Z15getButtonIRdatav)
    getEncoderCount()                        0x08003c3d   Thumb Code    52  motor.o(i._Z15getEncoderCountv)
    getToLine_Index(int)                     0x08003c91   Thumb Code    18  track.o(i._Z15getToLine_Indexi)
    getToLine_Mixed(int)                     0x08003ca9   Thumb Code    18  track.o(i._Z15getToLine_Mixedi)
    getoffset_Index(int)                     0x08003cc1   Thumb Code    56  track.o(i._Z15getoffset_Indexi)
    track_on_bridge()                        0x08003d01   Thumb Code   130  track.o(i._Z15track_on_bridgev)
    turnToDirection(int, int)                0x08003da9   Thumb Code    62  map.o(i._Z15turnToDirectionii)
    waitingForBegin()                        0x08003e11   Thumb Code    28  main.o(i._Z15waitingForBeginv)
    Action_Handsdown()                       0x08003e2d   Thumb Code    12  actions.o(i._Z16Action_Handsdownv)
    Action_ShakeHead()                       0x08003e39   Thumb Code    20  actions.o(i._Z16Action_ShakeHeadv)
    AdjTillGetQrCode()                       0x08003e4d   Thumb Code   106  processfunctions.o(i._Z16AdjTillGetQrCodev)
    AdjToLineByLaser()                       0x08003ed9   Thumb Code    40  track.o(i._Z16AdjToLineByLaserv)
    CameraFlash_Init()                       0x08003f01   Thumb Code    50  cameraflash.o(i._Z16CameraFlash_Initv)
    GetLineIndexToGo()                       0x08003f39   Thumb Code   238  mainmap.o(i._Z16GetLineIndexToGov)
    LCD_AUTOScan_Dir(unsigned char)          0x08004031   Thumb Code   348  lcd.o(i._Z16LCD_AUTOScan_Dirh)
    LCD_Is_Main_Root()                       0x080041a9   Thumb Code    20  lcd_show.o(i._Z16LCD_Is_Main_Rootv)
    LED_SPI_SendBits(unsigned char)          0x080041c5   Thumb Code    44  ws2811.o(i._Z16LED_SPI_SendBitsh)
    MAP_getPathRoute(int, int)               0x080041f1   Thumb Code    50  mainmap.o(i._Z16MAP_getPathRouteii)
    MAP_goRoute_Test()                       0x08004231   Thumb Code    16  mainmap.o(i._Z16MAP_goRoute_Testv)
    RaspiSendRequest(unsigned char)          0x08004249   Thumb Code    24  respcom.o(i._Z16RaspiSendRequesth)
    Test_goWithPulse()                       0x0800426d   Thumb Code    14  track.o(i._Z16Test_goWithPulsev)
    Test_turnByAngle()                       0x08004281   Thumb Code    12  motor.o(i._Z16Test_turnByAnglev)
    USART_DEBUG_SEND(unsigned char)          0x08004291   Thumb Code    48  lcd_print.o(i._Z16USART_DEBUG_SENDh)
    _LCD_Print_Putch(char)                   0x080042c5   Thumb Code   158  lcd_print.o(i._Z16_LCD_Print_Putchc)
    _motor_gpio_init(GPIO_TypeDef*, int)     0x08004385   Thumb Code    42  motor.o(i._Z16_motor_gpio_initP12GPIO_TypeDefi)
    addNodeToAllnode(MapNode*)               0x080043b1   Thumb Code    44  map.o(i._Z16addNodeToAllnodeP7MapNode)
    getDynamicPIDOut(int, int)               0x08004405   Thumb Code   110  track.o(i._Z16getDynamicPIDOutii)
    turnAngleByPulse(int)                    0x08004489   Thumb Code   160  motor.o(i._Z16turnAngleByPulsei)
    Click_Switch_Init()                      0x08004549   Thumb Code    38  key.o(i._Z17Click_Switch_Initv)
    Flash_User_Config()                      0x08004575   Thumb Code     2  flash.o(i._Z17Flash_User_Configv)
    LCD_Fill_onecolor(unsigned short, unsigned short, unsigned short, unsigned short, unsigned short) 0x08004579   Thumb Code    80  lcd.o(i._Z17LCD_Fill_onecolorttttt)
    LED_SPI_SendPixel(unsigned)              0x080045cd   Thumb Code    34  ws2811.o(i._Z17LED_SPI_SendPixelj)
    LED_SPI_WriteByte(unsigned short)        0x080045f1   Thumb Code    22  ws2811.o(i._Z17LED_SPI_WriteBytet)
    Moving_Median_int(int, int)              0x08004611   Thumb Code   220  mymath.o(i._Z17Moving_Median_intii)
    PF_Flat_450_scene()                      0x080046f5   Thumb Code    20  processfunctions.o(i._Z17PF_Flat_450_scenev)
    PF_seesawOnCircle()                      0x08004709   Thumb Code    64  processfunctions.o(i._Z17PF_seesawOnCirclev)
    SEN2020ImportData(unsigned char)         0x08004749   Thumb Code    40  sen2020.o(i._Z17SEN2020ImportDatah)
    SearchForNodeByID(int)                   0x0800477d   Thumb Code    40  map.o(i._Z17SearchForNodeByIDi)
    Test_turnToOnLine()                      0x080047ad   Thumb Code    14  motor.o(i._Z17Test_turnToOnLinev)
    _LCD_Clear_Border(_LCD_Show_Structure*)  0x080047c1   Thumb Code   182  lcd_show.o(i._Z17_LCD_Clear_BorderP19_LCD_Show_Structure)
    _LCD_DEBUG_KEY_UP()                      0x08004881   Thumb Code    22  lcd_show.o(i._Z17_LCD_DEBUG_KEY_UPv)
    motorBlockPrevent()                      0x0800489d   Thumb Code    66  track.o(i._Z17motorBlockPreventv)
    motorEncoder_init()                      0x080048f1   Thumb Code   142  motorencoder.o(i._Z17motorEncoder_initv)
    turnByAngleByTime(int)                   0x08004989   Thumb Code    78  motor.o(i._Z17turnByAngleByTimei)
    Action_ArriveScene()                     0x080049dd   Thumb Code    28  actions.o(i._Z18Action_ArriveScenev)
    FLASH_READ_ONEDATA(unsigned char, unsigned) 0x080049f9   Thumb Code    16  bsp_flash.o(i._Z18FLASH_READ_ONEDATAhj)
    LCD_DEBUG_Node_Add(char*, int, _LCD_Show_Structure*) 0x08004a0d   Thumb Code    22  lcd_show.o(i._Z18LCD_DEBUG_Node_AddPciP19_LCD_Show_Structure)
    LCD_Draw_Rectangle(unsigned short, unsigned short, unsigned short, unsigned short) 0x08004a23   Thumb Code    60  lcd.o(i._Z18LCD_Draw_Rectangletttt)
    Laser_LeftIsOnLine()                     0x08004a61   Thumb Code    26  photoswitch.o(i._Z18Laser_LeftIsOnLinev)
    LeftEncoderHandler(int)                  0x08004a85   Thumb Code    34  motorencoder.o(i._Z18LeftEncoderHandleri)
    USART3_SendByByter(unsigned char)        0x08004ab1   Thumb Code    36  usart.o(i._Z18USART3_SendByByterh)
    _LCD_data_Decrease(_LCD_Show_Structure*) 0x08004ad9   Thumb Code    34  lcd_show.o(i._Z18_LCD_data_DecreaseP19_LCD_Show_Structure)
    _LCD_data_Increase(_LCD_Show_Structure*) 0x08004afb   Thumb Code    34  lcd_show.o(i._Z18_LCD_data_IncreaseP19_LCD_Show_Structure)
    convertRouteToPath()                     0x08004b1d   Thumb Code    98  map.o(i._Z18convertRouteToPathv)
    turnRadiusTillLine(int, int)             0x08004b91   Thumb Code    44  track.o(i._Z18turnRadiusTillLineii)
    Action_FindTreasure()                    0x08004bbd   Thumb Code    26  actions.o(i._Z19Action_FindTreasurev)
    FLASH_WRITE_ONEDATA(int, int, unsigned)  0x08004bd9   Thumb Code    56  bsp_flash.o(i._Z19FLASH_WRITE_ONEDATAiij)
    LCD_Color_DrawPoint(unsigned short, unsigned short, unsigned short) 0x08004c15   Thumb Code   110  lcd.o(i._Z19LCD_Color_DrawPointttt)
    Laser_FrontIsOnLine()                    0x08004ca1   Thumb Code    24  photoswitch.o(i._Z19Laser_FrontIsOnLinev)
    PF_SingleSideBridge()                    0x08004cc1   Thumb Code   336  processfunctions.o(i._Z19PF_SingleSideBridgev)
    RightEncoderHandler(int)                 0x08004e49   Thumb Code    34  motorencoder.o(i._Z19RightEncoderHandleri)
    SEN2020USARTDisable()                    0x08004e75   Thumb Code    26  sen2020.o(i._Z19SEN2020USARTDisablev)
    Test_getFrontIRData()                    0x08004e95   Thumb Code     8  buttonir.o(i._Z19Test_getFrontIRDatav)
    _LCD_DEBUG_KEY_DOWN()                    0x08004e9d   Thumb Code    38  lcd_show.o(i._Z19_LCD_DEBUG_KEY_DOWNv)
    _LCD_DEBUG_KEY_LEFT()                    0x08004ecd   Thumb Code    56  lcd_show.o(i._Z19_LCD_DEBUG_KEY_LEFTv)
    _LCD_Structure_Show(_LCD_Show_Structure*) 0x08004f09   Thumb Code   178  lcd_show.o(i._Z19_LCD_Structure_ShowP19_LCD_Show_Structure)
    getAngleBetweenPath(Path*, Path*)        0x08004fc1   Thumb Code   140  map.o(i._Z19getAngleBetweenPathP4PathS0_)
    Flash_Clear_All_Data()                   0x0800507d   Thumb Code    10  flash.o(i._Z20Flash_Clear_All_Datav)
    Flash_Write_One_Data(int, unsigned, int) 0x0800508d   Thumb Code    90  flashoperation.o(i._Z20Flash_Write_One_Dataiji)
    GetExceptionFunction(Path*, MapNode*)    0x08005125   Thumb Code   286  mainmap.o(i._Z20GetExceptionFunctionP4PathP7MapNode)
    LCD_Show_User_Config()                   0x0800535d   Thumb Code  1970  lcd_show.o(i._Z20LCD_Show_User_Configv)
    LCD_WriteRAM_Prepare()                   0x08005c65   Thumb Code    10  lcd.o(i._Z20LCD_WriteRAM_Preparev)
    _LCD_DEBUG_KEY_RIGHT()                   0x08005c79   Thumb Code    56  lcd_show.o(i._Z20_LCD_DEBUG_KEY_RIGHTv)
    _LCD_Show_Clear_Area(_LCD_Show_Structure*) 0x08005cb9   Thumb Code   144  lcd_show.o(i._Z20_LCD_Show_Clear_AreaP19_LCD_Show_Structure)
    getoffset_WidthLimit(int)                0x08005d49   Thumb Code    80  track.o(i._Z20getoffset_WidthLimiti)
    linecountAfterFitter()                   0x08005da5   Thumb Code    14  track.o(i._Z20linecountAfterFitterv)
    Action_HandsupByOrder()                  0x08005db9   Thumb Code    12  actions.o(i._Z21Action_HandsupByOrderv)
    CreatePathBetweenNode(int, int, int, int, int, int) 0x08005dc5   Thumb Code    84  map.o(i._Z21CreatePathBetweenNodeiiiiii)
    Flash_Write_Structure(_Flash_Data_Typedef*) 0x08005e35   Thumb Code    26  flash.o(i._Z21Flash_Write_StructureP19_Flash_Data_Typedef)
    LED_SPI_LowLevel_Init()                  0x08005e51   Thumb Code   276  ws2811.o(i._Z21LED_SPI_LowLevel_Initv)
    Test_turnAngleByPulse()                  0x08005f79   Thumb Code    12  motor.o(i._Z21Test_turnAngleByPulsev)
    _LCD_Show_Draw_Border(_LCD_Show_Structure*) 0x08005f89   Thumb Code   162  lcd_show.o(i._Z21_LCD_Show_Draw_BorderP19_LCD_Show_Structure)
    _SEN2020_init_channel(GPIO_TypeDef*, int) 0x0800602b   Thumb Code    40  sen2020.o(i._Z21_SEN2020_init_channelP12GPIO_TypeDefi)
    getSEN2020DigitalData()                  0x08006055   Thumb Code   166  sen2020.o(i._Z21getSEN2020DigitalDatav)
    turnByAnglePulseReset()                  0x0800611d   Thumb Code    20  track.o(i._Z21turnByAnglePulseResetv)
    Flash_Reset_To_Default()                 0x08006141   Thumb Code    28  flash.o(i._Z22Flash_Reset_To_Defaultv)
    LCD_DEBUG_Add_As_Child(int*, char*, int, _LCD_Show_Structure*) 0x08006165   Thumb Code   168  lcd_show.o(i._Z22LCD_DEBUG_Add_As_ChildPiPciP19_LCD_Show_Structure)
    LCD_DEBUG_Function_Add(char*, void(*)(), _LCD_Show_Structure*) 0x08006221   Thumb Code    32  lcd_show.o(i._Z22LCD_DEBUG_Function_AddPcPFvvEP19_LCD_Show_Structure)
    LCD_DEBUG_Premeter_Add(int*, char*, int, _LCD_Show_Structure*) 0x08006241   Thumb Code    52  lcd_show.o(i._Z22LCD_DEBUG_Premeter_AddPiPciP19_LCD_Show_Structure)
    Travel_Read_Door_Status()                0x08006275   Thumb Code    36  travel.o(i._Z23Travel_Read_Door_Statusv)
    _LCD_Show_Structure_Add(int*, unsigned char, unsigned short, unsigned short, unsigned short, char*, unsigned char, void(*)(void*, _LCD_Show_Structure*)) 0x080062a1   Thumb Code   134  lcd_show.o(i._Z23_LCD_Show_Structure_AddPihtttPchPFvPvP19_LCD_Show_StructureE)
    Travel_Write_Door_Status(int, int)       0x08006349   Thumb Code    18  travel.o(i._Z24Travel_Write_Door_Statusii)
    Travel_Write_Door_Status()               0x08006361   Thumb Code    16  travel.o(i._Z24Travel_Write_Door_Statusv)
    TrackNoExceptionForLength(int, int)      0x08006379   Thumb Code    94  track.o(i._Z25TrackNoExceptionForLengthii)
    _ExceptionFunction_NoLine()              0x080063f1   Thumb Code    22  exceptionfunction.o(i._Z25_ExceptionFunction_NoLinev)
    LCD_Structure_Calc_Postion()             0x08006421   Thumb Code    54  lcd_show.o(i._Z26LCD_Structure_Calc_Postionv)
    _ExceptionFunction_OneLine()             0x0800645d   Thumb Code    12  exceptionfunction.o(i._Z26_ExceptionFunction_OneLinev)
    _ExceptionFunction_vertial()             0x08006481   Thumb Code    60  exceptionfunction.o(i._Z26_ExceptionFunction_vertialv)
    Test_getClick_TriggeredData()            0x080064c1   Thumb Code    12  key.o(i._Z27Test_getClick_TriggeredDatav)
    Treasure_Read_Treasure_Index()           0x080064d1   Thumb Code    30  treasure.o(i._Z28Treasure_Read_Treasure_Indexv)
    LCD_Get_Current_Selected_Node()          0x080064f9   Thumb Code    54  lcd_show.o(i._Z29LCD_Get_Current_Selected_Nodev)
    Treasure_Write_Treasure_Index(int, int)  0x08006539   Thumb Code    18  treasure.o(i._Z29Treasure_Write_Treasure_Indexii)
    _ExceptionFunction_ToMutiline()          0x08006551   Thumb Code    20  exceptionfunction.o(i._Z29_ExceptionFunction_ToMutilinev)
    Test_TrackNoExceptionForLength()         0x08006565   Thumb Code    16  track.o(i._Z30Test_TrackNoExceptionForLengthv)
    _ExceptionFunction_MutiToOneLine()       0x0800657d   Thumb Code    52  exceptionfunction.o(i._Z32_ExceptionFunction_MutiToOneLinev)
    goWithPulseWithDifSpeedByLbCoder(int, int, int) 0x080065b5   Thumb Code    74  track.o(i._Z32goWithPulseWithDifSpeedByLbCoderiii)
    goWithPulseWithDifSpeedByLbCoderTest()   0x0800662d   Thumb Code    20  track.o(i._Z36goWithPulseWithDifSpeedByLbCoderTestv)
    hit(int, int)                            0x0800664d   Thumb Code    58  processfunctions.o(i._Z3hitii)
    BeepOn()                                 0x08006691   Thumb Code    12  beep.o(i._Z6BeepOnv)
    strcat(char*, char*)                     0x080066a1   Thumb Code    30  string.o(i._Z6strcatPcS_)
    strlen(char*)                            0x080066bf   Thumb Code    18  string.o(i._Z6strlenPc)
    BeepOff()                                0x080066d1   Thumb Code    12  beep.o(i._Z7BeepOffv)
    FlashOn()                                0x080066e1   Thumb Code    12  cameraflash.o(i._Z7FlashOnv)
    GetAdc3(unsigned char)                   0x080066f1   Thumb Code    44  adc.o(i._Z7GetAdc3h)
    Get_Adc(unsigned char)                   0x08006721   Thumb Code    44  adc.o(i._Z7Get_Adch)
    LED_SET(int, int)                        0x08006751   Thumb Code   138  led.o(i._Z7LED_SETii)
    FlashOff()                               0x080067e9   Thumb Code    12  cameraflash.o(i._Z8FlashOffv)
    LCD_Init()                               0x080067f9   Thumb Code  1624  lcd.o(i._Z8LCD_Initv)
    LCD_Show()                               0x08006e5d   Thumb Code    12  lcd_show.o(i._Z8LCD_Showv)
    LED_init()                               0x08006e6d   Thumb Code    80  led.o(i._Z8LED_initv)
    MAP_Init()                               0x08006ec5   Thumb Code  1640  mainmap.o(i._Z8MAP_Initv)
    MainLoop()                               0x0800753d   Thumb Code   128  task.o(i._Z8MainLoopv)
    RCC_init()                               0x080075d9   Thumb Code   172  rcc.o(i._Z8RCC_initv)
    Task_1HZ()                               0x08007685   Thumb Code    12  task.o(i._Z8Task_1HZv)
    delay_ms(unsigned short)                 0x08007695   Thumb Code    56  common.o(i._Z8delay_mst)
    delay_us(unsigned)                       0x080076cd   Thumb Code    72  common.o(i._Z8delay_usj)
    getLines(unsigned char*)                 0x08007719   Thumb Code   200  track.o(i._Z8getLinesPh)
    getRoute(MapNode*, MapNode*)             0x080077f1   Thumb Code   354  map.o(i._Z8getRouteP7MapNodeS0_)
    setSpeed(short, short)                   0x08007989   Thumb Code   140  motor.o(i._Z8setSpeedss)
    ADC1_Init()                              0x08007a35   Thumb Code   108  adc.o(i._Z9ADC1_Initv)
    ADC3_init()                              0x08007aa9   Thumb Code    70  adc.o(i._Z9ADC3_initv)
    Beep_init()                              0x08007af9   Thumb Code    40  beep.o(i._Z9Beep_initv)
    GetSector(unsigned)                      0x08007b25   Thumb Code   182  bsp_flash.o(i._Z9GetSectorj)
    KeyFitter()                              0x08007c09   Thumb Code    20  key.o(i._Z9KeyFitterv)
    LCD_Clear(unsigned short)                0x08007c21   Thumb Code    48  lcd.o(i._Z9LCD_Cleart)
    LCD_putch(char, _LCD_Show_Structure*)    0x08007c5d   Thumb Code    26  lcd_print.o(i._Z9LCD_putchcP19_LCD_Show_Structure)
    PF_Bridge()                              0x08007c79   Thumb Code   114  processfunctions.o(i._Z9PF_Bridgev)
    TIM3_init(int)                           0x08007cfd   Thumb Code    60  tim.o(i._Z9TIM3_initi)
    TIM4_init()                              0x08007d3d   Thumb Code    86  tim.o(i._Z9TIM4_initv)
    Task_20HZ()                              0x08007d99   Thumb Code    24  task.o(i._Z9Task_20HZv)
    Task_50HZ()                              0x08007db1   Thumb Code     2  task.o(i._Z9Task_50HZv)
    beepCheck()                              0x08007db5   Thumb Code    26  beep.o(i._Z9beepCheckv)
    delay_xms(unsigned short)                0x08007dd5   Thumb Code    72  common.o(i._Z9delay_xmst)
    getPIDout(int)                           0x08007e21   Thumb Code    16  track.o(i._Z9getPIDouti)
    getToLine(int(*)(int), int, int, int)    0x08007e35   Thumb Code   128  track.o(i._Z9getToLinePFiiEiii)
    limit0360(int)                           0x08007ec1   Thumb Code    44  map.o(i._Z9limit0360i)
    Path::setOneNode(MapNode*)               0x08007efd   Thumb Code    50  mappath.o(i._ZN4Path10setOneNodeEP7MapNode)
    Path::bindNodeById(int, int)             0x08007f65   Thumb Code    70  mappath.o(i._ZN4Path12bindNodeByIdEii)
    Path::getAnotherNode(MapNode*)           0x08007fdd   Thumb Code    16  mappath.o(i._ZN4Path14getAnotherNodeEP7MapNode)
    Path::getDirFromNode(MapNode*)           0x08007fed   Thumb Code    46  mappath.o(i._ZN4Path14getDirFromNodeEP7MapNode)
    Path::GetWeightFromNode(MapNode*)        0x08008039   Thumb Code    26  mappath.o(i._ZN4Path17GetWeightFromNodeEP7MapNode)
    Path::Path(int, int, int)                0x08008055   Thumb Code    34  mappath.o(i._ZN4PathC1Eiii)
    Path::Path__sub_object(int, int, int)    0x08008055   Thumb Code     0  mappath.o(i._ZN4PathC1Eiii)
    MapNode::tryAddPath(Path*)               0x08008081   Thumb Code    44  mapnode.o(i._ZN7MapNode10tryAddPathEP4Path)
    MapNode::searchPathByid(int)             0x080080d1   Thumb Code    44  mapnode.o(i._ZN7MapNode14searchPathByidEi)
    MapNode::MapNode()                       0x080080fd   Thumb Code    42  mapnode.o(i._ZN7MapNodeC1Ev)
    MapNode::MapNode__sub_object()           0x080080fd   Thumb Code     0  mapnode.o(i._ZN7MapNodeC1Ev)
    operator delete[] (void*)                0x0800812d   Thumb Code     8  array_del.o(i._ZdaPv)
    operator delete (void*)                  0x08008135   Thumb Code     8  delete.o(i._ZdlPv)
    operator new[] (unsigned)                0x0800813d   Thumb Code     8  array_new.o(i._Znaj)
    operator new(unsigned)                   0x08008145   Thumb Code    34  new.o(i._Znwj)
    __ARM_array_new_general                  0x0800816d   Thumb Code   146  array_new_general.o(i.__ARM_array_new_general)
    __aeabi_vec_new_nocookie                 0x080081ff   Thumb Code    22  aeabi_vec_new_nocookie.o(i.__aeabi_vec_new_nocookie)
    __cxa_vec_new                            0x08008215   Thumb Code    18  cxa_vec_new.o(i.__cxa_vec_new)
    __scatterload_copy                       0x0800822d   Thumb Code    14  handlers.o(i.__scatterload_copy)
    __scatterload_null                       0x0800823b   Thumb Code     2  handlers.o(i.__scatterload_null)
    __scatterload_zeroinit                   0x0800823d   Thumb Code    14  handlers.o(i.__scatterload_zeroinit)
    free                                     0x0800824d   Thumb Code    76  malloc.o(i.free)
    main                                     0x0800829d   Thumb Code   156  main.o(i.main)
    malloc                                   0x08008361   Thumb Code    92  malloc.o(i.malloc)
    Region$$Table$$Base                      0x08009c00   Number         0  anon$$obj.o(Region$$Table)
    Region$$Table$$Limit                     0x08009c20   Number         0  anon$$obj.o(Region$$Table)
    difSpeedLength                           0x20000014   Data           4  track.o(.data)
    difLeftSpeed                             0x20000018   Data           4  track.o(.data)
    difRightSpeed                            0x2000001c   Data           4  track.o(.data)
    bridgeSpeed                              0x20000020   Data           4  track.o(.data)
    Kd                                       0x20000024   Data           4  track.o(.data)
    Kp                                       0x20000028   Data           4  track.o(.data)
    D_Out_Period                             0x2000002c   Data           4  track.o(.data)
    pido                                     0x20000030   Data           4  track.o(.data)
    linecount                                0x20000034   Data           1  track.o(.data)
    lightCount                               0x20000035   Data           1  track.o(.data)
    sensers                                  0x20000038   Data           4  track.o(.data)
    currentSpeed                             0x2000003c   Data           4  track.o(.data)
    straightSpeed                            0x20000040   Data           4  track.o(.data)
    Track_Kd                                 0x20000044   Data           4  track.o(.data)
    Track_Kp                                 0x20000048   Data           4  track.o(.data)
    Track_kkp                                0x2000004c   Data           4  track.o(.data)
    Track_kkd                                0x20000050   Data           4  track.o(.data)
    Track_Last_Offset                        0x20000054   Data           4  track.o(.data)
    Track_PidCount                           0x20000058   Data           4  track.o(.data)
    Track_Dout                               0x2000005c   Data           4  track.o(.data)
    Bridge_kp                                0x20000060   Data           4  track.o(.data)
    Bridge_kd                                0x20000064   Data           4  track.o(.data)
    Bridge_Last_Offset                       0x20000068   Data           4  track.o(.data)
    Bridge_Dout                              0x2000006c   Data           4  track.o(.data)
    Bridge_PidCount                          0x20000070   Data           4  track.o(.data)
    Encoder_rfpulse                          0x20000074   Data           4  track.o(.data)
    Encoder_lfpulse                          0x20000078   Data           4  track.o(.data)
    Encoder_rbpulse                          0x2000007c   Data           4  track.o(.data)
    Encoder_lbpulse                          0x20000080   Data           4  track.o(.data)
    Encoder_pulseOnFlag                      0x20000084   Data           4  track.o(.data)
    speedCompensate                          0x20000088   Data           4  track.o(.data)
    currentMotorRout                         0x2000008c   Data           4  track.o(.data)
    currentMotorLout                         0x20000090   Data           4  track.o(.data)
    motorNospeedCompensate                   0x20000094   Data           4  track.o(.data)
    compensateFlag                           0x20000098   Data           4  track.o(.data)
    lineWitdh                                0x2000009c   Data           8  track.o(.data)
    lineindex                                0x200000a4   Data           4  track.o(.data)
    Test_Param_turnByAngle_angle             0x200000a8   Data           4  track.o(.data)
    Test_Param_Go_length                     0x200000ac   Data           4  track.o(.data)
    TrackTestFlag                            0x200000b0   Data           1  track.o(.data)
    flatSceneIdArray                         0x200000b4   Data           8  mainmap.o(.data)
    flatSceneIdArrayLen                      0x200000bc   Data           1  mainmap.o(.data)
    vertialIdarray                           0x200000bd   Data           5  mainmap.o(.data)
    vertialSceneIdArrayLen                   0x200000c2   Data           1  mainmap.o(.data)
    dumbNodeArray                            0x200000c3   Data           5  mainmap.o(.data)
    dumbNodeArrayLen                         0x200000c8   Data           1  mainmap.o(.data)
    singleLineBridgeArray                    0x200000c9   Data           2  mainmap.o(.data)
    singleLineBridgeArrayLen                 0x200000cb   Data           1  mainmap.o(.data)
    flatSceneToTreasure                      0x200000cc   Data           8  mainmap.o(.data)
    flatSceneToTreasureLen                   0x200000d4   Data           1  mainmap.o(.data)
    doorArrayPos                             0x200000d5   Data           4  mainmap.o(.data)
    doorArrayLen                             0x200000d9   Data           1  mainmap.o(.data)
    stopRouteFlag                            0x200000da   Data           1  mainmap.o(.data)
    travelSceneArray                         0x200000db   Data          12  mainmap.o(.data)
    Nodeid1                                  0x200000e8   Data           4  mainmap.o(.data)
    Nodeid2                                  0x200000ec   Data           4  mainmap.o(.data)
    nextNode                                 0x200000f0   Data           4  mainmap.o(.data)
    exceptionFunction                        0x200000f4   Data           4  mainmap.o(.data)
    trackfunction                            0x200000f8   Data           4  mainmap.o(.data)
    currentNode                              0x200000fc   Data           4  mainmap.o(.data)
    currentDirection                         0x20000100   Data           4  mainmap.o(.data)
    RouteIndex                               0x20000104   Data           4  mainmap.o(.data)
    Speed_VeryHigh                           0x20000108   Data           4  mainmap.o(.data)
    Speed_High                               0x2000010c   Data           4  mainmap.o(.data)
    Speed_Mid                                0x20000110   Data           4  mainmap.o(.data)
    Speed_Low                                0x20000114   Data           4  mainmap.o(.data)
    currentPath                              0x20000118   Data           4  mainmap.o(.data)
    rapidFlag                                0x2000011c   Data           1  mainmap.o(.data)
    defaultRapidSpeed                        0x20000120   Data           4  mainmap.o(.data)
    Count_1ms                                0x20000124   Data           4  task.o(.data)
    Count_2ms                                0x20000128   Data           4  task.o(.data)
    Count_4ms                                0x2000012c   Data           4  task.o(.data)
    Count_20ms                               0x20000130   Data           4  task.o(.data)
    Count_50ms                               0x20000134   Data           4  task.o(.data)
    Count_1s                                 0x20000138   Data           4  task.o(.data)
    Task_check_flag                          0x2000013c   Data           1  task.o(.data)
    i                                        0x20000140   Data           4  task.o(.data)
    pre                                      0x20000144   Data           4  task.o(.data)
    MED_FIL_ITEM_int                         0x20000148   Data           4  mymath.o(.data)
    med_fil_cnt_int                          0x2000014c   Data           4  mymath.o(.data)
    bridgeLeftSpeed                          0x20000150   Data           4  processfunctions.o(.data)
    bridgeRightSpeed                         0x20000154   Data           4  processfunctions.o(.data)
    bridgeAngle                              0x20000158   Data           4  processfunctions.o(.data)
    ls                                       0x2000015c   Data           4  processfunctions.o(.data)
    rs                                       0x20000160   Data           4  processfunctions.o(.data)
    currentTreasureIndex                     0x20000164   Data           4  processfunctions.o(.data)
    _ExceptionFunction_MutiToOneLine_MutiFlag 0x20000168   Data           1  exceptionfunction.o(.data)
    PausedBydoorFlag                         0x2000016c   Data           4  travel.o(.data)
    beginTravelFlag                          0x20000170   Data           1  travel.o(.data)
    doorIndex                                0x20000174   Data           4  travel.o(.data)
    status                                   0x20000178   Data           4  travel.o(.data)
    beginTreasureFlag                        0x2000017c   Data           1  treasure.o(.data)
    nextTreasure                             0x20000180   Data           4  treasure.o(.data)
    TreasureCount                            0x20000184   Data           4  treasure.o(.data)
    treasurePos                              0x20000188   Data           4  treasure.o(.data)
    treasureIndex                            0x2000018c   Data           4  treasure.o(.data)
    BRUSH_COLOR                              0x20000190   Data           2  lcd.o(.data)
    BACK_COLOR                               0x20000192   Data           2  lcd.o(.data)
    lcd_id                                   0x20000194   Data           2  lcd.o(.data)
    dir_flag                                 0x20000196   Data           1  lcd.o(.data)
    lcd_width                                0x20000198   Data           2  lcd.o(.data)
    lcd_height                               0x2000019a   Data           2  lcd.o(.data)
    write_gramcmd                            0x2000019c   Data           2  lcd.o(.data)
    setxcmd                                  0x2000019e   Data           2  lcd.o(.data)
    setycmd                                  0x200001a0   Data           2  lcd.o(.data)
    ledState                                 0x200001a2   Data           3  led.o(.data)
    SEN2020Array                             0x200001a5   Data           8  sen2020.o(.data)
    SEN2020Datas                             0x200001ad   Data           1  sen2020.o(.data)
    SEN2020Analogdatas                       0x200001ae   Data           8  sen2020.o(.data)
    SEN2020AnalogRxFlag                      0x200001b6   Data           1  sen2020.o(.data)
    dataIndex                                0x200001b7   Data           1  sen2020.o(.data)
    leftCounterNum                           0x200001b8   Data           1  motorencoder.o(.data)
    rightCounterNum                          0x200001b9   Data           1  motorencoder.o(.data)
    Click_Is_Down                            0x200001bc   Data           4  key.o(.data)
    KeyFitterFlag                            0x200001c0   Data           1  key.o(.data)
    FLASH_STATUS                             0x200001c4   Data           1  bsp_flash.o(.data)
    value                                    0x200001c8   Data           4  bsp_flash.o(.data)
    FlashDataCount                           0x200001d0   Data           4  bsp_flash.o(.data)
    beepTime                                 0x200001d8   Data           4  beep.o(.data)
    PhotoSwitchData                          0x200001dc   Data           4  photoswitch.o(.data)
    LaserFrontIsOnline                       0x200001e0   Data           4  photoswitch.o(.data)
    LaserLeftIsOnline                        0x200001e4   Data           4  photoswitch.o(.data)
    PixelPointer                             0x200001e8   Data           2  ws2811.o(.data)
    Color_red                                0x200001ec   Data           4  ws2811.o(.data)
    Color_green                              0x200001f0   Data           4  ws2811.o(.data)
    Color_blue                               0x200001f4   Data           4  ws2811.o(.data)
    Color_pink                               0x200001f8   Data           4  ws2811.o(.data)
    Color_purple                             0x200001fc   Data           4  ws2811.o(.data)
    Color_yellow                             0x20000200   Data           4  ws2811.o(.data)
    Color_cyan                               0x20000204   Data           4  ws2811.o(.data)
    Color_white                              0x20000208   Data           4  ws2811.o(.data)
    WsDat                                    0x2000020c   Data          48  ws2811.o(.data)
    color_cnt                                0x2000023c   Data           4  ws2811.o(.data)
    pathAutoIncreaseID                       0x20000244   Data           4  map.o(.data)
    NodeAutoincreaseID                       0x20000248   Data           4  map.o(.data)
    pathcount                                0x2000024c   Data           4  map.o(.data)
    nodecount                                0x20000250   Data           4  map.o(.data)
    nodeRouteCount                           0x20000254   Data           4  map.o(.data)
    pathRouteCount                           0x20000258   Data           4  map.o(.data)
    PrintGoPath_currentNode                  0x2000025c   Data           4  map.o(.data)
    PrintGoPath_direction                    0x20000260   Data           4  map.o(.data)
    IR_button_left                           0x20000264   Data           4  buttonir.o(.data)
    IR_button_right                          0x20000268   Data           4  buttonir.o(.data)
    IR_Front                                 0x2000026c   Data           4  buttonir.o(.data)
    turnByAngle_Speed                        0x20000270   Data           4  motor.o(.data)
    lfEncoderCount                           0x20000274   Data           4  motor.o(.data)
    rfEncoderCount                           0x20000278   Data           4  motor.o(.data)
    lbEncoderCount                           0x2000027c   Data           4  motor.o(.data)
    rbEncoderCount                           0x20000280   Data           4  motor.o(.data)
    lfCurrentEncoderCount                    0x20000284   Data           4  motor.o(.data)
    rfCurrentEncoderCount                    0x20000288   Data           4  motor.o(.data)
    lbCurrentEncoderCount                    0x2000028c   Data           4  motor.o(.data)
    rbCurrentEncoderCount                    0x20000290   Data           4  motor.o(.data)
    Test_Param_Turn_Angle                    0x20000294   Data           4  motor.o(.data)
    TurnByPulsePremeterL                     0x20000298   Data           4  motor.o(.data)
    TurnByPulsePremeterR                     0x2000029c   Data           4  motor.o(.data)
    aimAngle                                 0x200002a0   Data           4  motor.o(.data)
    motorPitchOffset                         0x200002a4   Data           4  motor.o(.data)
    turnByAngleFlag                          0x200002a8   Data           4  motor.o(.data)
    turnByAngleExtiFlag                      0x200002ac   Data           4  motor.o(.data)
    angleArray                               0x200002b0   Data         160  motor.o(.data)
    turnByAngleTest_Speed                    0x20000350   Data           4  motor.o(.data)
    goWithPulseCompleteFlag                  0x20000354   Data           1  motor.o(.data)
    gowithPulseLeftCount                     0x20000358   Data           4  motor.o(.data)
    respidata                                0x2000035c   Data           1  respcom.o(.data)
    respiRespondFlag                         0x2000035d   Data           1  respcom.o(.data)
    QrWaitingFlag                            0x2000035e   Data           1  respcom.o(.data)
    QrReadReqeusetFlag                       0x2000035f   Data           1  respcom.o(.data)
    QrReadReqeusetSendedFlag                 0x20000360   Data           1  respcom.o(.data)
    currentChar                              0x20000364   Data           4  lcd_print.o(.data)
    currentLine                              0x20000368   Data           4  lcd_print.o(.data)
    bufferCount                              0x2000036c   Data           4  lcd_print.o(.data)
    bufferTop                                0x20000370   Data           4  lcd_print.o(.data)
    bufferleft                               0x20000374   Data           4  lcd_print.o(.data)
    bufferHeight                             0x20000378   Data           4  lcd_print.o(.data)
    bufferWitdh                              0x2000037c   Data           4  lcd_print.o(.data)
    heightPerChar                            0x20000380   Data           4  lcd_print.o(.data)
    widthPerChar                             0x20000384   Data           4  lcd_print.o(.data)
    bufferLines                              0x20000388   Data           4  lcd_print.o(.data)
    bufferwidthChar                          0x2000038c   Data           4  lcd_print.o(.data)
    LCD_USART_DEBUG                          0x20000390   Data           1  lcd_print.o(.data)
    LCD_Structure_Root                       0x20000394   Data           4  lcd_show.o(.data)
    LCD_Current_Root_Node                    0x20000398   Data           4  lcd_show.o(.data)
    LCD_Selected_Structure                   0x2000039c   Data           4  lcd_show.o(.data)
    LCD_DEBUG_Count                          0x200003a0   Data           4  lcd_show.o(.data)
    LCD_Show_Structure_Count                 0x200003a4   Data           4  lcd_show.o(.data)
    LCD_Selected_Index                       0x200003a8   Data           4  lcd_show.o(.data)
    Flash_Data_Strcture_Count                0x200003ac   Data           4  flash.o(.data)
    currentOffset                            0x200003b0   Data           4  flash.o(.data)
    __microlib_freelist                      0x200003b4   Data           4  mvars.o(.data)
    __microlib_freelist_initialised          0x200003b8   Data           4  mvars.o(.data)
    lines                                    0x200003c8   Data          32  track.o(.bss)
    lineWidth                                0x200003e8   Data          32  track.o(.bss)
    med_filter_tmp_int                       0x20000408   Data         200  mymath.o(.bss)
    doorStatus                               0x200004d0   Data          16  travel.o(.bss)
    TreasureIndex                            0x200004e0   Data          12  treasure.o(.bss)
    leftCounters                             0x200004ec   Data          40  motorencoder.o(.bss)
    rightCounters                            0x20000514   Data          40  motorencoder.o(.bss)
    PixelBuffer                              0x2000053c   Data         656  ws2811.o(.bss)
    Color_Data                               0x200007cc   Data         400  ws2811.o(.bss)
    allPath                                  0x2000095c   Data         400  map.o(.bss)
    allNode                                  0x20000aec   Data         400  map.o(.bss)
    nodeRoute                                0x20000c7c   Data         400  map.o(.bss)
    pathRoute                                0x20000e0c   Data         400  map.o(.bss)
    LCD_Show_Structures                      0x20000f9c   Data         400  lcd_show.o(.bss)
    values                                   0x2000112c   Data          40  lcd_show.o(.bss)
    Flash_Data_Strctures                     0x20001154   Data         400  flash.o(.bss)
    __heap_base                              0x200012e8   Data           0  startup_stm32f40_41xxx.o(HEAP)
    __heap_limit                             0x200092e8   Data           0  startup_stm32f40_41xxx.o(HEAP)
    __initial_sp                             0x200112e8   Data           0  startup_stm32f40_41xxx.o(STACK)



==============================================================================

Memory Map of the image

  Image Entry point : 0x08000189

  Load Region LR_IROM1 (Base: 0x08000000, Size: 0x00009fe8, Max: 0x00100000, ABSOLUTE, COMPRESSED[0x00009d08])

    Execution Region ER_IROM1 (Base: 0x08000000, Size: 0x00009c20, Max: 0x00100000, ABSOLUTE)

    Base Addr    Size         Type   Attr      Idx    E Section Name        Object

    0x08000000   0x00000188   Data   RO          143    RESET               startup_stm32f40_41xxx.o
    0x08000188   0x00000000   Code   RO         9082  * .ARM.Collect$$$$00000000  mc_w.l(entry.o)
    0x08000188   0x00000004   Code   RO         9146    .ARM.Collect$$$$00000001  mc_w.l(entry2.o)
    0x0800018c   0x00000004   Code   RO         9149    .ARM.Collect$$$$00000004  mc_w.l(entry5.o)
    0x08000190   0x00000000   Code   RO         9151    .ARM.Collect$$$$00000008  mc_w.l(entry7b.o)
    0x08000190   0x00000000   Code   RO         9153    .ARM.Collect$$$$0000000A  mc_w.l(entry8b.o)
    0x08000190   0x00000008   Code   RO         9154    .ARM.Collect$$$$0000000B  mc_w.l(entry9a.o)
    0x08000198   0x00000000   Code   RO         9156    .ARM.Collect$$$$0000000D  mc_w.l(entry10a.o)
    0x08000198   0x00000000   Code   RO         9158    .ARM.Collect$$$$0000000F  mc_w.l(entry11a.o)
    0x08000198   0x00000004   Code   RO         9147    .ARM.Collect$$$$00002712  mc_w.l(entry2.o)
    0x0800019c   0x00000024   Code   RO          144    .text               startup_stm32f40_41xxx.o
    0x080001c0   0x00000024   Code   RO         9085    .text               mc_w.l(memcpya.o)
    0x080001e4   0x00000024   Code   RO         9087    .text               mc_w.l(memseta.o)
    0x08000208   0x0000014e   Code   RO         9119    .text               mf_w.l(dadd.o)
    0x08000356   0x000000e4   Code   RO         9121    .text               mf_w.l(dmul.o)
    0x0800043a   0x00000022   Code   RO         9123    .text               mf_w.l(dflti.o)
    0x0800045c   0x0000003e   Code   RO         9125    .text               mf_w.l(dfixi.o)
    0x0800049a   0x00000004   Code   RO         9130    .text               cpprt_w.l(arm_newhandler_noexceptions.o)
    0x0800049e   0x0000001e   Code   RO         9160    .text               mc_w.l(llshl.o)
    0x080004bc   0x00000020   Code   RO         9162    .text               mc_w.l(llushr.o)
    0x080004dc   0x00000024   Code   RO         9164    .text               mc_w.l(llsshr.o)
    0x08000500   0x00000000   Code   RO         9168    .text               mc_w.l(iusefp.o)
    0x08000500   0x00000008   Code   RO         9169    .text               mc_w.l(cpp_memory.o)
    0x08000508   0x00000020   Code   RO         9172    .text               mc_w.l(cpp_unwinder.o)
    0x08000528   0x000000b6   Code   RO         9175    .text               mf_w.l(depilogue.o)
    0x080005de   0x0000001a   Code   RO         9183    .text               cpprt_w.l(arm_exceptions_terminate.o)
    0x080005f8   0x00000024   Code   RO         9305    .text               mc_w.l(init.o)
    0x0800061c   0x0000001c   Code   RO         9311    .text               cpprt_w.l(ARM_vec_cleanup_noexceptions.o)
    0x08000638   0x00000050   Code   RO         9326    .text               cpprt_w.l(arm_exceptions_globs.o)
    0x08000688   0x00000002   Code   RO         9329    .text               cpprt_w.l(arm_rethrow_noexceptions.o)
    0x0800068a   0x0000003c   Code   RO         9353    .text               cpprt_w.l(arm_exceptions_mem.o)
    0x080006c6   0x00000056   Code   RO         9374    .text               mc_w.l(__dczerorl2.o)
    0x0800071c   0x00000016   Code   RO          421    i.ADC_Cmd           stm32f4xx_adc.o
    0x08000732   0x00000002   PAD
    0x08000734   0x00000030   Code   RO          422    i.ADC_CommonInit    stm32f4xx_adc.o
    0x08000764   0x00000008   Code   RO          433    i.ADC_GetConversionValue  stm32f4xx_adc.o
    0x0800076c   0x00000012   Code   RO          434    i.ADC_GetFlagStatus  stm32f4xx_adc.o
    0x0800077e   0x00000002   PAD
    0x08000780   0x00000054   Code   RO          441    i.ADC_Init          stm32f4xx_adc.o
    0x080007d4   0x000000b8   Code   RO          446    i.ADC_RegularChannelConfig  stm32f4xx_adc.o
    0x0800088c   0x0000000a   Code   RO          448    i.ADC_SoftwareStartConv  stm32f4xx_adc.o
    0x08000896   0x00000004   Code   RO          150    i.BusFault_Handler  stm32f4xx_it.o
    0x0800089a   0x00000002   PAD
    0x0800089c   0x00000034   Code   RO         1526    i.DMA_ClearFlag     stm32f4xx_dma.o
    0x080008d0   0x00000016   Code   RO         1528    i.DMA_Cmd           stm32f4xx_dma.o
    0x080008e6   0x00000002   PAD
    0x080008e8   0x00000158   Code   RO         1529    i.DMA_DeInit        stm32f4xx_dma.o
    0x08000a40   0x00000008   Code   RO         1534    i.DMA_GetCurrDataCounter  stm32f4xx_dma.o
    0x08000a48   0x00000058   Code   RO         1540    i.DMA_Init          stm32f4xx_dma.o
    0x08000aa0   0x00000004   Code   RO         1543    i.DMA_SetCurrDataCounter  stm32f4xx_dma.o
    0x08000aa4   0x00000002   Code   RO          151    i.DebugMon_Handler  stm32f4xx_it.o
    0x08000aa6   0x00000002   PAD
    0x08000aa8   0x000000e8   Code   RO         7312    i.EXTI15_10_IRQHandler  motorencoder.o
    0x08000b90   0x0000009c   Code   RO         7523    i.EXTI9_5_IRQHandler  key.o
    0x08000c2c   0x0000000c   Code   RO         1841    i.EXTI_ClearITPendingBit  stm32f4xx_exti.o
    0x08000c38   0x00000018   Code   RO         1845    i.EXTI_GetITStatus  stm32f4xx_exti.o
    0x08000c50   0x00000094   Code   RO         1846    i.EXTI_Init         stm32f4xx_exti.o
    0x08000ce4   0x0000000c   Code   RO         1910    i.FLASH_ClearFlag   stm32f4xx_flash.o
    0x08000cf0   0x00000088   Code   RO         1916    i.FLASH_EraseSector  stm32f4xx_flash.o
    0x08000d78   0x00000054   Code   RO         1918    i.FLASH_GetStatus   stm32f4xx_flash.o
    0x08000dcc   0x00000014   Code   RO         1922    i.FLASH_Lock        stm32f4xx_flash.o
    0x08000de0   0x00000050   Code   RO         1946    i.FLASH_ProgramWord  stm32f4xx_flash.o
    0x08000e30   0x00000024   Code   RO         1948    i.FLASH_Unlock      stm32f4xx_flash.o
    0x08000e54   0x00000022   Code   RO         1949    i.FLASH_WaitForLastOperation  stm32f4xx_flash.o
    0x08000e76   0x00000002   PAD
    0x08000e78   0x00000034   Code   RO         5508    i.FSMC_NORSRAMCmd   stm32f4xx_fsmc.o
    0x08000eac   0x00000124   Code   RO         5510    i.FSMC_NORSRAMInit  stm32f4xx_fsmc.o
    0x08000fd0   0x00000090   Code   RO         2253    i.GPIO_Init         stm32f4xx_gpio.o
    0x08001060   0x00000046   Code   RO         2254    i.GPIO_PinAFConfig  stm32f4xx_gpio.o
    0x080010a6   0x00000012   Code   RO         2257    i.GPIO_ReadInputDataBit  stm32f4xx_gpio.o
    0x080010b8   0x00000004   Code   RO         2260    i.GPIO_ResetBits    stm32f4xx_gpio.o
    0x080010bc   0x00000004   Code   RO         2261    i.GPIO_SetBits      stm32f4xx_gpio.o
    0x080010c0   0x00000004   Code   RO          152    i.HardFault_Handler  stm32f4xx_it.o
    0x080010c4   0x00000004   Code   RO          153    i.MemManage_Handler  stm32f4xx_it.o
    0x080010c8   0x00000002   Code   RO          154    i.NMI_Handler       stm32f4xx_it.o
    0x080010ca   0x00000002   PAD
    0x080010cc   0x00000078   Code   RO          366    i.NVIC_Init         misc.o
    0x08001144   0x00000014   Code   RO          367    i.NVIC_PriorityGroupConfig  misc.o
    0x08001158   0x00000002   Code   RO          155    i.PendSV_Handler    stm32f4xx_it.o
    0x0800115a   0x00000002   PAD
    0x0800115c   0x00000020   Code   RO         3003    i.RCC_AHB1PeriphClockCmd  stm32f4xx_rcc.o
    0x0800117c   0x00000020   Code   RO         3009    i.RCC_AHB3PeriphClockCmd  stm32f4xx_rcc.o
    0x0800119c   0x00000020   Code   RO         3012    i.RCC_APB1PeriphClockCmd  stm32f4xx_rcc.o
    0x080011bc   0x00000020   Code   RO         3014    i.RCC_APB1PeriphResetCmd  stm32f4xx_rcc.o
    0x080011dc   0x00000020   Code   RO         3015    i.RCC_APB2PeriphClockCmd  stm32f4xx_rcc.o
    0x080011fc   0x00000020   Code   RO         3017    i.RCC_APB2PeriphResetCmd  stm32f4xx_rcc.o
    0x0800121c   0x000000e4   Code   RO         3024    i.RCC_GetClocksFreq  stm32f4xx_rcc.o
    0x08001300   0x0000000c   Code   RO         3030    i.RCC_HSICmd        stm32f4xx_rcc.o
    0x0800130c   0x00000018   Code   RO         4310    i.SPI_Cmd           stm32f4xx_spi.o
    0x08001324   0x00000012   Code   RO         4316    i.SPI_I2S_DMACmd    stm32f4xx_spi.o
    0x08001336   0x00000002   PAD
    0x08001338   0x000000b0   Code   RO         4317    i.SPI_I2S_DeInit    stm32f4xx_spi.o
    0x080013e8   0x0000003c   Code   RO         4323    i.SPI_Init          stm32f4xx_spi.o
    0x08001424   0x00000002   Code   RO          156    i.SVC_Handler       stm32f4xx_it.o
    0x08001426   0x00000002   PAD
    0x08001428   0x00000040   Code   RO         4496    i.SYSCFG_EXTILineConfig  stm32f4xx_syscfg.o
    0x08001468   0x00000028   Code   RO          370    i.SysTick_CLKSourceConfig  misc.o
    0x08001490   0x00000002   Code   RO          157    i.SysTick_Handler   stm32f4xx_it.o
    0x08001492   0x00000002   PAD
    0x08001494   0x00000068   Code   RO            4    i.SystemInit        system_stm32f4xx.o
    0x080014fc   0x00000020   Code   RO         7100    i.TIM4_IRQHandler   tim.o
    0x0800151c   0x00000018   Code   RO         4556    i.TIM_ARRPreloadConfig  stm32f4xx_tim.o
    0x08001534   0x00000018   Code   RO         4568    i.TIM_Cmd           stm32f4xx_tim.o
    0x0800154c   0x00000022   Code   RO         4589    i.TIM_GetITStatus   stm32f4xx_tim.o
    0x0800156e   0x00000012   Code   RO         4593    i.TIM_ITConfig      stm32f4xx_tim.o
    0x08001580   0x000000a4   Code   RO         4602    i.TIM_OC2Init       stm32f4xx_tim.o
    0x08001624   0x0000001a   Code   RO         4605    i.TIM_OC2PreloadConfig  stm32f4xx_tim.o
    0x0800163e   0x00000002   PAD
    0x08001640   0x000000a0   Code   RO         4607    i.TIM_OC3Init       stm32f4xx_tim.o
    0x080016e0   0x00000012   Code   RO         4610    i.TIM_OC3PreloadConfig  stm32f4xx_tim.o
    0x080016f2   0x00000004   Code   RO         4631    i.TIM_SetCompare2   stm32f4xx_tim.o
    0x080016f6   0x00000004   Code   RO         4632    i.TIM_SetCompare3   stm32f4xx_tim.o
    0x080016fa   0x00000002   PAD
    0x080016fc   0x00000084   Code   RO         4640    i.TIM_TimeBaseInit  stm32f4xx_tim.o
    0x08001780   0x00000030   Code   RO         7159    i.USART1_IRQHandler  usart.o
    0x080017b0   0x00000030   Code   RO         7160    i.USART6_IRQHandler  usart.o
    0x080017e0   0x00000012   Code   RO         5210    i.USART_ClearFlag   stm32f4xx_usart.o
    0x080017f2   0x0000001e   Code   RO         5211    i.USART_ClearITPendingBit  stm32f4xx_usart.o
    0x08001810   0x00000018   Code   RO         5214    i.USART_Cmd         stm32f4xx_usart.o
    0x08001828   0x0000001a   Code   RO         5217    i.USART_GetFlagStatus  stm32f4xx_usart.o
    0x08001842   0x00000054   Code   RO         5218    i.USART_GetITStatus  stm32f4xx_usart.o
    0x08001896   0x0000004a   Code   RO         5220    i.USART_ITConfig    stm32f4xx_usart.o
    0x080018e0   0x000000d4   Code   RO         5221    i.USART_Init        stm32f4xx_usart.o
    0x080019b4   0x0000000a   Code   RO         5228    i.USART_ReceiveData  stm32f4xx_usart.o
    0x080019be   0x00000008   Code   RO         5231    i.USART_SendData    stm32f4xx_usart.o
    0x080019c6   0x00000004   Code   RO          158    i.UsageFault_Handler  stm32f4xx_it.o
    0x080019ca   0x00000002   PAD
    0x080019cc   0x00000024   Code   RO         6194    i._Z10FillFitterii  mymath.o
    0x080019f0   0x0000000c   Code   RO         8986    i._Z10Flash_Initv   flash.o
    0x080019fc   0x00000034   Code   RO         8735    i._Z10LCD_GoBackv   lcd_show.o
    0x08001a30   0x00000120   Code   RO         8622    i._Z10LCD_printfPcz  lcd_print.o
    0x08001b50   0x00000330   Code   RO         6025    i._Z10MAP_goPathP4Path  mainmap.o
    0x08001e80   0x00000002   Code   RO         6120    i._Z10Task_250HZv   task.o
    0x08001e82   0x00000002   Code   RO         6121    i._Z10Task_500HZv   task.o
    0x08001e84   0x00000018   Code   RO         5711    i._Z10Test_Trackv   track.o
    0x08001e9c   0x00000034   Code   RO         5647    i._Z10delay_initv   common.o
    0x08001ed0   0x00000034   Code   RO         6495    i._Z10getDoorPosi   travel.o
    0x08001f04   0x0000003c   Code   RO         8285    i._Z10motor_initv   motor.o
    0x08001f40   0x00000060   Code   RO         6243    i._Z10testGodownv   processfunctions.o
    0x08001fa0   0x0000003c   Code   RO         7601    i._Z11FLASH_Clearj  bsp_flash.o
    0x08001fdc   0x00000088   Code   RO         7524    i._Z11KEY_IT_initv  key.o
    0x08002064   0x0000001c   Code   RO         6726    i._Z11LCD_ReadRegt  lcd.o
    0x08002080   0x0000001c   Code   RO         7714    i._Z11Laser_Checkv  photoswitch.o
    0x0800209c   0x00000070   Code   RO         6026    i._Z11MAP_goRouteii  mainmap.o
    0x0800210c   0x000000ec   Code   RO            5    i._Z11SetSysClockv  system_stm32f4xx.o
    0x080021f8   0x00000002   Code   RO         6122    i._Z11Task_1000HZv  task.o
    0x080021fa   0x00000002   PAD
    0x080021fc   0x00000084   Code   RO         6496    i._Z11Travel_Initv  travel.o
    0x08002280   0x00000070   Code   RO         6497    i._Z11Travel_Mainv  travel.o
    0x080022f0   0x000000bc   Code   RO         7161    i._Z11USART1_initv  usart.o
    0x080023ac   0x000000ac   Code   RO         7162    i._Z11USART2_initv  usart.o
    0x08002458   0x000000b0   Code   RO         7163    i._Z11USART3_initv  usart.o
    0x08002508   0x0000001c   Code   RO         7167    i._Z11Usart3_SendPhh  usart.o
    0x08002524   0x00000018   Code   RO         7662    i._Z11beepWaitingi  beep.o
    0x0800253c   0x00000058   Code   RO         8286    i._Z11getTurnTimei  motor.o
    0x08002594   0x00000078   Code   RO         5712    i._Z11goWithPulseih  track.o
    0x0800260c   0x00000068   Code   RO         6123    i._Z11loopCounterv  task.o
    0x08002674   0x0000000a   Code   RO         8462    i._Z11readQRcode1v  respcom.o
    0x0800267e   0x00000002   PAD
    0x08002680   0x00000064   Code   RO         5713    i._Z11trackToLineii  track.o
    0x080026e4   0x0000000c   Code   RO         8523    i._Z12Action_Readyv  actions.o
    0x080026f0   0x00000134   Code   RO         6027    i._Z12GetRapidFlagv  mainmap.o
    0x08002824   0x00000028   Code   RO         8736    i._Z12LCD_NextNodeP19_LCD_Show_Structure  lcd_show.o
    0x0800284c   0x00000010   Code   RO         6729    i._Z12LCD_WriteRegtt  lcd.o
    0x0800285c   0x00000060   Code   RO         7023    i._Z12SEN2020_initv  sen2020.o
    0x080028bc   0x00000084   Code   RO         7101    i._Z12TIM3_OC_initv  tim.o
    0x08002940   0x0000000c   Code   RO         6498    i._Z12Travel_Beginv  travel.o
    0x0800294c   0x00000010   Code   RO         6499    i._Z12Travel_Resetv  travel.o
    0x0800295c   0x00000044   Code   RO         8623    i._Z12_LCD_newLinev  lcd_print.o
    0x080029a0   0x00000058   Code   RO         7904    i._Z12getRouteByIDii  map.o
    0x080029f8   0x00000118   Code   RO         6028    i._Z12setFunctionsv  mainmap.o
    0x08002b10   0x000000b8   Code   RO         8287    i._Z12turnToOnLineii  motor.o
    0x08002bc8   0x0000002c   Code   RO         8987    i._Z13Flash_ReadAllv  flash.o
    0x08002bf4   0x00000028   Code   RO         8988    i._Z13Flash_SaveAllv  flash.o
    0x08002c1c   0x0000005c   Code   RO         8624    i._Z13LCD_ClearLinev  lcd_print.o
    0x08002c78   0x00000024   Code   RO         6731    i._Z13LCD_DrawPointtt  lcd.o
    0x08002c9c   0x000000b0   Code   RO         6732    i._Z13LCD_Draw_Linetttt  lcd.o
    0x08002d4c   0x00000078   Code   RO         6733    i._Z13LCD_SetCursortt  lcd.o
    0x08002dc4   0x0000003c   Code   RO         8737    i._Z13LCD_Show_Initv  lcd_show.o
    0x08002e00   0x0000003c   Code   RO         8738    i._Z13LCD_Show_TreeP19_LCD_Show_Structure  lcd_show.o
    0x08002e3c   0x00000194   Code   RO         6244    i._Z13PF_Flat_scenev  processfunctions.o
    0x08002fd0   0x00000028   Code   RO         5714    i._Z13TrackSpeedOutii  track.o
    0x08002ff8   0x00000090   Code   RO         6573    i._Z13Treasure_Mainv  treasure.o
    0x08003088   0x00000044   Code   RO         8625    i._Z13_LCD_printBinPvP19_LCD_Show_Structure  lcd_print.o
    0x080030cc   0x0000005c   Code   RO         8626    i._Z13_LCD_printDecPvP19_LCD_Show_Structure  lcd_print.o
    0x08003128   0x0000005c   Code   RO         8627    i._Z13_LCD_printHexPvP19_LCD_Show_Structure  lcd_print.o
    0x08003184   0x0000001c   Code   RO         8628    i._Z13_LCD_printstrPvP19_LCD_Show_Structure  lcd_print.o
    0x080031a0   0x00000018   Code   RO         5715    i._Z13getToLine_stdi  track.o
    0x080031b8   0x00000050   Code   RO         5716    i._Z13getoffset_midi  track.o
    0x08003208   0x0000001e   Code   RO         7715    i._Z13laserIsOnLinei  photoswitch.o
    0x08003226   0x0000000c   Code   RO         7771    i._Z13setPixelColorm  ws2811.o
    0x08003232   0x00000002   PAD
    0x08003234   0x000000b4   Code   RO         8288    i._Z13turnToOnLine1ii  motor.o
    0x080032e8   0x0000000c   Code   RO         8524    i._Z14Action_Handsupv  actions.o
    0x080032f4   0x00000024   Code   RO         8989    i._Z14Flash_Add_DataPiPc  flash.o
    0x08003318   0x0000000c   Code   RO         7525    i._Z14KeyFitterClearv  key.o
    0x08003324   0x000000e0   Code   RO         8629    i._Z14LCD_Print_initv  lcd_print.o
    0x08003404   0x00000034   Code   RO         8739    i._Z14LCD_Show_Clearv  lcd_show.o
    0x08003438   0x00000026   Code   RO         8740    i._Z14LCD_Show_PutChciP19_LCD_Show_Structure  lcd_show.o
    0x0800345e   0x00000002   PAD
    0x08003460   0x000000a0   Code   RO         7772    i._Z14LED_SPI_UpdatePmj  ws2811.o
    0x08003500   0x00000028   Code   RO         6245    i._Z14PF_CircleEnterv  processfunctions.o
    0x08003528   0x0000000c   Code   RO         6574    i._Z14Treasure_Beginv  treasure.o
    0x08003534   0x00000010   Code   RO         6575    i._Z14Treasure_Resetv  treasure.o
    0x08003544   0x00000020   Code   RO         6576    i._Z14Treasure_Writev  treasure.o
    0x08003564   0x00000018   Code   RO         8155    i._Z14getFrontIRDatav  buttonir.o
    0x0800357c   0x0000003c   Code   RO         6577    i._Z14getTreasurePosi  treasure.o
    0x080035b8   0x00000036   Code   RO         8217    i._Z14runActionGroupht  lobotservocontroller.o
    0x080035ee   0x00000002   PAD
    0x080035f0   0x0000001c   Code   RO         7526    i._Z15Click_Triggeredv  key.o
    0x0800360c   0x0000007c   Code   RO         8741    i._Z15LCD_Add_To_NodeP19_LCD_Show_StructureS0_  lcd_show.o
    0x08003688   0x00000104   Code   RO         6737    i._Z15LCD_DisplayChartthh  lcd.o
    0x0800378c   0x000000b8   Code   RO         6738    i._Z15LCD_Display_Dirh  lcd.o
    0x08003844   0x00000224   Code   RO         6740    i._Z15LCD_FSMC_Configv  lcd.o
    0x08003a68   0x00000038   Code   RO         6246    i._Z15PF_normal_scenev  processfunctions.o
    0x08003aa0   0x00000048   Code   RO         7716    i._Z15PhotoSwitchInitv  photoswitch.o
    0x08003ae8   0x0000002c   Code   RO         8463    i._Z15RaspiImportDatah  respcom.o
    0x08003b14   0x0000005c   Code   RO         8990    i._Z15_Flash_Add_DataPiPci  flash.o
    0x08003b70   0x00000030   Code   RO         8630    i._Z15_LCD_Show_PutchcP19_LCD_Show_Structure  lcd_print.o
    0x08003ba0   0x0000007c   Code   RO         8631    i._Z15_LCD_printFloatPvP19_LCD_Show_Structure  lcd_print.o
    0x08003c1c   0x00000020   Code   RO         8156    i._Z15getButtonIRdatav  buttonir.o
    0x08003c3c   0x00000054   Code   RO         8289    i._Z15getEncoderCountv  motor.o
    0x08003c90   0x00000018   Code   RO         5718    i._Z15getToLine_Indexi  track.o
    0x08003ca8   0x00000018   Code   RO         5719    i._Z15getToLine_Mixedi  track.o
    0x08003cc0   0x00000040   Code   RO         5720    i._Z15getoffset_Indexi  track.o
    0x08003d00   0x000000a8   Code   RO         5721    i._Z15track_on_bridgev  track.o
    0x08003da8   0x00000068   Code   RO         7906    i._Z15turnToDirectionii  map.o
    0x08003e10   0x0000001c   Code   RO         5937    i._Z15waitingForBeginv  main.o
    0x08003e2c   0x0000000c   Code   RO         8525    i._Z16Action_Handsdownv  actions.o
    0x08003e38   0x00000014   Code   RO         8526    i._Z16Action_ShakeHeadv  actions.o
    0x08003e4c   0x0000008c   Code   RO         6247    i._Z16AdjTillGetQrCodev  processfunctions.o
    0x08003ed8   0x00000028   Code   RO         5722    i._Z16AdjToLineByLaserv  track.o
    0x08003f00   0x00000038   Code   RO         7867    i._Z16CameraFlash_Initv  cameraflash.o
    0x08003f38   0x000000f8   Code   RO         6029    i._Z16GetLineIndexToGov  mainmap.o
    0x08004030   0x00000178   Code   RO         6741    i._Z16LCD_AUTOScan_Dirh  lcd.o
    0x080041a8   0x0000001c   Code   RO         8742    i._Z16LCD_Is_Main_Rootv  lcd_show.o
    0x080041c4   0x0000002c   Code   RO         7773    i._Z16LED_SPI_SendBitsh  ws2811.o
    0x080041f0   0x00000040   Code   RO         6030    i._Z16MAP_getPathRouteii  mainmap.o
    0x08004230   0x00000018   Code   RO         6031    i._Z16MAP_goRoute_Testv  mainmap.o
    0x08004248   0x00000024   Code   RO         8464    i._Z16RaspiSendRequesth  respcom.o
    0x0800426c   0x00000014   Code   RO         5723    i._Z16Test_goWithPulsev  track.o
    0x08004280   0x00000010   Code   RO         8290    i._Z16Test_turnByAnglev  motor.o
    0x08004290   0x00000034   Code   RO         8632    i._Z16USART_DEBUG_SENDh  lcd_print.o
    0x080042c4   0x000000c0   Code   RO         8633    i._Z16_LCD_Print_Putchc  lcd_print.o
    0x08004384   0x0000002a   Code   RO         8291    i._Z16_motor_gpio_initP12GPIO_TypeDefi  motor.o
    0x080043ae   0x00000002   PAD
    0x080043b0   0x00000054   Code   RO         7907    i._Z16addNodeToAllnodeP7MapNode  map.o
    0x08004404   0x00000084   Code   RO         5724    i._Z16getDynamicPIDOutii  track.o
    0x08004488   0x000000c0   Code   RO         8292    i._Z16turnAngleByPulsei  motor.o
    0x08004548   0x0000002c   Code   RO         7527    i._Z17Click_Switch_Initv  key.o
    0x08004574   0x00000002   Code   RO         8991    i._Z17Flash_User_Configv  flash.o
    0x08004576   0x00000002   PAD
    0x08004578   0x00000054   Code   RO         6744    i._Z17LCD_Fill_onecolorttttt  lcd.o
    0x080045cc   0x00000022   Code   RO         7774    i._Z17LED_SPI_SendPixelj  ws2811.o
    0x080045ee   0x00000002   PAD
    0x080045f0   0x00000020   Code   RO         7775    i._Z17LED_SPI_WriteBytet  ws2811.o
    0x08004610   0x000000e4   Code   RO         6195    i._Z17Moving_Median_intii  mymath.o
    0x080046f4   0x00000014   Code   RO         6248    i._Z17PF_Flat_450_scenev  processfunctions.o
    0x08004708   0x00000040   Code   RO         6249    i._Z17PF_seesawOnCirclev  processfunctions.o
    0x08004748   0x00000034   Code   RO         7024    i._Z17SEN2020ImportDatah  sen2020.o
    0x0800477c   0x00000030   Code   RO         7908    i._Z17SearchForNodeByIDi  map.o
    0x080047ac   0x00000014   Code   RO         8294    i._Z17Test_turnToOnLinev  motor.o
    0x080047c0   0x000000c0   Code   RO         8743    i._Z17_LCD_Clear_BorderP19_LCD_Show_Structure  lcd_show.o
    0x08004880   0x0000001c   Code   RO         8744    i._Z17_LCD_DEBUG_KEY_UPv  lcd_show.o
    0x0800489c   0x00000054   Code   RO         5725    i._Z17motorBlockPreventv  track.o
    0x080048f0   0x00000098   Code   RO         7314    i._Z17motorEncoder_initv  motorencoder.o
    0x08004988   0x00000054   Code   RO         8295    i._Z17turnByAngleByTimei  motor.o
    0x080049dc   0x0000001c   Code   RO         8527    i._Z18Action_ArriveScenev  actions.o
    0x080049f8   0x00000014   Code   RO         7603    i._Z18FLASH_READ_ONEDATAhj  bsp_flash.o
    0x08004a0c   0x00000016   Code   RO         8745    i._Z18LCD_DEBUG_Node_AddPciP19_LCD_Show_Structure  lcd_show.o
    0x08004a22   0x0000003c   Code   RO         6745    i._Z18LCD_Draw_Rectangletttt  lcd.o
    0x08004a5e   0x00000002   PAD
    0x08004a60   0x00000024   Code   RO         7717    i._Z18Laser_LeftIsOnLinev  photoswitch.o
    0x08004a84   0x0000002c   Code   RO         7315    i._Z18LeftEncoderHandleri  motorencoder.o
    0x08004ab0   0x00000028   Code   RO         7168    i._Z18USART3_SendByByterh  usart.o
    0x08004ad8   0x00000022   Code   RO         8746    i._Z18_LCD_data_DecreaseP19_LCD_Show_Structure  lcd_show.o
    0x08004afa   0x00000022   Code   RO         8747    i._Z18_LCD_data_IncreaseP19_LCD_Show_Structure  lcd_show.o
    0x08004b1c   0x00000074   Code   RO         7910    i._Z18convertRouteToPathv  map.o
    0x08004b90   0x0000002c   Code   RO         5727    i._Z18turnRadiusTillLineii  track.o
    0x08004bbc   0x0000001a   Code   RO         8528    i._Z19Action_FindTreasurev  actions.o
    0x08004bd6   0x00000002   PAD
    0x08004bd8   0x0000003c   Code   RO         7604    i._Z19FLASH_WRITE_ONEDATAiij  bsp_flash.o
    0x08004c14   0x0000008c   Code   RO         6746    i._Z19LCD_Color_DrawPointttt  lcd.o
    0x08004ca0   0x00000020   Code   RO         7718    i._Z19Laser_FrontIsOnLinev  photoswitch.o
    0x08004cc0   0x00000188   Code   RO         6250    i._Z19PF_SingleSideBridgev  processfunctions.o
    0x08004e48   0x0000002c   Code   RO         7317    i._Z19RightEncoderHandleri  motorencoder.o
    0x08004e74   0x00000020   Code   RO         7027    i._Z19SEN2020USARTDisablev  sen2020.o
    0x08004e94   0x00000008   Code   RO         8157    i._Z19Test_getFrontIRDatav  buttonir.o
    0x08004e9c   0x00000030   Code   RO         8748    i._Z19_LCD_DEBUG_KEY_DOWNv  lcd_show.o
    0x08004ecc   0x0000003c   Code   RO         8749    i._Z19_LCD_DEBUG_KEY_LEFTv  lcd_show.o
    0x08004f08   0x000000b8   Code   RO         8750    i._Z19_LCD_Structure_ShowP19_LCD_Show_Structure  lcd_show.o
    0x08004fc0   0x000000bc   Code   RO         7911    i._Z19getAngleBetweenPathP4PathS0_  map.o
    0x0800507c   0x00000010   Code   RO         8992    i._Z20Flash_Clear_All_Datav  flash.o
    0x0800508c   0x00000098   Code   RO         8594    i._Z20Flash_Write_One_Dataiji  flashoperation.o
    0x08005124   0x00000238   Code   RO         6033    i._Z20GetExceptionFunctionP4PathP7MapNode  mainmap.o
    0x0800535c   0x00000908   Code   RO         8751    i._Z20LCD_Show_User_Configv  lcd_show.o
    0x08005c64   0x00000014   Code   RO         6748    i._Z20LCD_WriteRAM_Preparev  lcd.o
    0x08005c78   0x00000040   Code   RO         8753    i._Z20_LCD_DEBUG_KEY_RIGHTv  lcd_show.o
    0x08005cb8   0x00000090   Code   RO         8754    i._Z20_LCD_Show_Clear_AreaP19_LCD_Show_Structure  lcd_show.o
    0x08005d48   0x0000005c   Code   RO         5729    i._Z20getoffset_WidthLimiti  track.o
    0x08005da4   0x00000014   Code   RO         5730    i._Z20linecountAfterFitterv  track.o
    0x08005db8   0x0000000c   Code   RO         8529    i._Z21Action_HandsupByOrderv  actions.o
    0x08005dc4   0x00000070   Code   RO         7912    i._Z21CreatePathBetweenNodeiiiiii  map.o
    0x08005e34   0x0000001a   Code   RO         8993    i._Z21Flash_Write_StructureP19_Flash_Data_Typedef  flash.o
    0x08005e4e   0x00000002   PAD
    0x08005e50   0x00000128   Code   RO         7777    i._Z21LED_SPI_LowLevel_Initv  ws2811.o
    0x08005f78   0x00000010   Code   RO         8296    i._Z21Test_turnAngleByPulsev  motor.o
    0x08005f88   0x000000a2   Code   RO         8755    i._Z21_LCD_Show_Draw_BorderP19_LCD_Show_Structure  lcd_show.o
    0x0800602a   0x00000028   Code   RO         7029    i._Z21_SEN2020_init_channelP12GPIO_TypeDefi  sen2020.o
    0x08006052   0x00000002   PAD
    0x08006054   0x000000c8   Code   RO         7030    i._Z21getSEN2020DigitalDatav  sen2020.o
    0x0800611c   0x00000024   Code   RO         5731    i._Z21turnByAnglePulseResetv  track.o
    0x08006140   0x00000024   Code   RO         8994    i._Z22Flash_Reset_To_Defaultv  flash.o
    0x08006164   0x000000bc   Code   RO         8756    i._Z22LCD_DEBUG_Add_As_ChildPiPciP19_LCD_Show_Structure  lcd_show.o
    0x08006220   0x00000020   Code   RO         8757    i._Z22LCD_DEBUG_Function_AddPcPFvvEP19_LCD_Show_Structure  lcd_show.o
    0x08006240   0x00000034   Code   RO         8758    i._Z22LCD_DEBUG_Premeter_AddPiPciP19_LCD_Show_Structure  lcd_show.o
    0x08006274   0x0000002c   Code   RO         6500    i._Z23Travel_Read_Door_Statusv  travel.o
    0x080062a0   0x000000a8   Code   RO         8759    i._Z23_LCD_Show_Structure_AddPihtttPchPFvPvP19_LCD_Show_StructureE  lcd_show.o
    0x08006348   0x00000018   Code   RO         6501    i._Z24Travel_Write_Door_Statusii  travel.o
    0x08006360   0x00000018   Code   RO         6502    i._Z24Travel_Write_Door_Statusv  travel.o
    0x08006378   0x00000078   Code   RO         5733    i._Z25TrackNoExceptionForLengthii  track.o
    0x080063f0   0x00000030   Code   RO         6376    i._Z25_ExceptionFunction_NoLinev  exceptionfunction.o
    0x08006420   0x0000003c   Code   RO         8760    i._Z26LCD_Structure_Calc_Postionv  lcd_show.o
    0x0800645c   0x00000024   Code   RO         6378    i._Z26_ExceptionFunction_OneLinev  exceptionfunction.o
    0x08006480   0x00000040   Code   RO         6379    i._Z26_ExceptionFunction_vertialv  exceptionfunction.o
    0x080064c0   0x00000010   Code   RO         7528    i._Z27Test_getClick_TriggeredDatav  key.o
    0x080064d0   0x00000028   Code   RO         6578    i._Z28Treasure_Read_Treasure_Indexv  treasure.o
    0x080064f8   0x00000040   Code   RO         8761    i._Z29LCD_Get_Current_Selected_Nodev  lcd_show.o
    0x08006538   0x00000018   Code   RO         6579    i._Z29Treasure_Write_Treasure_Indexii  treasure.o
    0x08006550   0x00000014   Code   RO         6382    i._Z29_ExceptionFunction_ToMutilinev  exceptionfunction.o
    0x08006564   0x00000018   Code   RO         5734    i._Z30Test_TrackNoExceptionForLengthv  track.o
    0x0800657c   0x00000038   Code   RO         6383    i._Z32_ExceptionFunction_MutiToOneLinev  exceptionfunction.o
    0x080065b4   0x00000078   Code   RO         5735    i._Z32goWithPulseWithDifSpeedByLbCoderiii  track.o
    0x0800662c   0x00000020   Code   RO         5736    i._Z36goWithPulseWithDifSpeedByLbCoderTestv  track.o
    0x0800664c   0x00000044   Code   RO         6251    i._Z3hitii          processfunctions.o
    0x08006690   0x00000010   Code   RO         7663    i._Z6BeepOnv        beep.o
    0x080066a0   0x0000001e   Code   RO         6641    i._Z6strcatPcS_     string.o
    0x080066be   0x00000012   Code   RO         6643    i._Z6strlenPc       string.o
    0x080066d0   0x00000010   Code   RO         7664    i._Z7BeepOffv       beep.o
    0x080066e0   0x00000010   Code   RO         7868    i._Z7FlashOnv       cameraflash.o
    0x080066f0   0x00000030   Code   RO         6674    i._Z7GetAdc3h       adc.o
    0x08006720   0x00000030   Code   RO         6675    i._Z7Get_Adch       adc.o
    0x08006750   0x00000098   Code   RO         6945    i._Z7LED_SETii      led.o
    0x080067e8   0x00000010   Code   RO         7869    i._Z8FlashOffv      cameraflash.o
    0x080067f8   0x00000664   Code   RO         6751    i._Z8LCD_Initv      lcd.o
    0x08006e5c   0x00000010   Code   RO         8762    i._Z8LCD_Showv      lcd_show.o
    0x08006e6c   0x00000058   Code   RO         6946    i._Z8LED_initv      led.o
    0x08006ec4   0x00000678   Code   RO         6034    i._Z8MAP_Initv      mainmap.o
    0x0800753c   0x0000009c   Code   RO         6124    i._Z8MainLoopv      task.o
    0x080075d8   0x000000ac   Code   RO         7002    i._Z8RCC_initv      rcc.o
    0x08007684   0x00000010   Code   RO         6125    i._Z8Task_1HZv      task.o
    0x08007694   0x00000038   Code   RO         5650    i._Z8delay_mst      common.o
    0x080076cc   0x0000004c   Code   RO         5651    i._Z8delay_usj      common.o
    0x08007718   0x000000d8   Code   RO         5737    i._Z8getLinesPh     track.o
    0x080077f0   0x00000198   Code   RO         7914    i._Z8getRouteP7MapNodeS0_  map.o
    0x08007988   0x000000ac   Code   RO         8298    i._Z8setSpeedss     motor.o
    0x08007a34   0x00000074   Code   RO         6676    i._Z9ADC1_Initv     adc.o
    0x08007aa8   0x00000050   Code   RO         6677    i._Z9ADC3_initv     adc.o
    0x08007af8   0x0000002c   Code   RO         7665    i._Z9Beep_initv     beep.o
    0x08007b24   0x000000e4   Code   RO         7605    i._Z9GetSectorj     bsp_flash.o
    0x08007c08   0x00000018   Code   RO         7529    i._Z9KeyFitterv     key.o
    0x08007c20   0x0000003c   Code   RO         6752    i._Z9LCD_Cleart     lcd.o
    0x08007c5c   0x0000001a   Code   RO         8634    i._Z9LCD_putchcP19_LCD_Show_Structure  lcd_print.o
    0x08007c76   0x00000002   PAD
    0x08007c78   0x00000084   Code   RO         6254    i._Z9PF_Bridgev     processfunctions.o
    0x08007cfc   0x00000040   Code   RO         7103    i._Z9TIM3_initi     tim.o
    0x08007d3c   0x0000005c   Code   RO         7105    i._Z9TIM4_initv     tim.o
    0x08007d98   0x00000018   Code   RO         6126    i._Z9Task_20HZv     task.o
    0x08007db0   0x00000002   Code   RO         6127    i._Z9Task_50HZv     task.o
    0x08007db2   0x00000002   PAD
    0x08007db4   0x00000020   Code   RO         7666    i._Z9beepCheckv     beep.o
    0x08007dd4   0x0000004c   Code   RO         5652    i._Z9delay_xmst     common.o
    0x08007e20   0x00000014   Code   RO         5738    i._Z9getPIDouti     track.o
    0x08007e34   0x0000008c   Code   RO         5739    i._Z9getToLinePFiiEiii  track.o
    0x08007ec0   0x0000003c   Code   RO         7915    i._Z9limit0360i     map.o
    0x08007efc   0x00000068   Code   RO         8092    i._ZN4Path10setOneNodeEP7MapNode  mappath.o
    0x08007f64   0x00000078   Code   RO         8093    i._ZN4Path12bindNodeByIdEii  mappath.o
    0x08007fdc   0x00000010   Code   RO         8094    i._ZN4Path14getAnotherNodeEP7MapNode  mappath.o
    0x08007fec   0x0000004c   Code   RO         8095    i._ZN4Path14getDirFromNodeEP7MapNode  mappath.o
    0x08008038   0x0000001a   Code   RO         8096    i._ZN4Path17GetWeightFromNodeEP7MapNode  mappath.o
    0x08008052   0x00000002   PAD
    0x08008054   0x0000002c   Code   RO         8097    i._ZN4PathC1Eiii    mappath.o
    0x08008080   0x00000050   Code   RO         8031    i._ZN7MapNode10tryAddPathEP4Path  mapnode.o
    0x080080d0   0x0000002c   Code   RO         8032    i._ZN7MapNode14searchPathByidEi  mapnode.o
    0x080080fc   0x00000030   Code   RO         8034    i._ZN7MapNodeC1Ev   mapnode.o
    0x0800812c   0x00000008   Code   RO         9177    i._ZdaPv            cpprt_w.l(array_del.o)
    0x08008134   0x00000008   Code   RO         9180    i._ZdlPv            cpprt_w.l(delete.o)
    0x0800813c   0x00000008   Code   RO         9307    i._Znaj             cpprt_w.l(array_new.o)
    0x08008144   0x00000028   Code   RO         9075    i._Znwj             cpprt_w.l(new.o)
    0x0800816c   0x00000092   Code   RO         9186    i.__ARM_array_new_general  cpprt_w.l(array_new_general.o)
    0x080081fe   0x00000016   Code   RO         9079    i.__aeabi_vec_new_nocookie  cpprt_w.l(aeabi_vec_new_nocookie.o)
    0x08008214   0x00000018   Code   RO         9143    i.__cxa_vec_new     cpprt_w.l(cxa_vec_new.o)
    0x0800822c   0x0000000e   Code   RO         9368    i.__scatterload_copy  mc_w.l(handlers.o)
    0x0800823a   0x00000002   Code   RO         9369    i.__scatterload_null  mc_w.l(handlers.o)
    0x0800823c   0x0000000e   Code   RO         9370    i.__scatterload_zeroinit  mc_w.l(handlers.o)
    0x0800824a   0x00000002   PAD
    0x0800824c   0x00000050   Code   RO         9091    i.free              mc_w.l(malloc.o)
    0x0800829c   0x000000c4   Code   RO         5938    i.main              main.o
    0x08008360   0x0000006c   Code   RO         9092    i.malloc            mc_w.l(malloc.o)
    0x080083cc   0x00000028   Data   RO         6512    .constdata          travel.o
    0x080083f4   0x000017c0   Data   RO         6781    .constdata          lcd.o
    0x08009bb4   0x00000049   Data   RO         8597    .conststring        flashoperation.o
    0x08009bfd   0x00000003   PAD
    0x08009c00   0x00000020   Data   RO         9366    Region$$Table       anon$$obj.o


    Execution Region RW_IRAM1 (Base: 0x20000000, Size: 0x000112e8, Max: 0x00020000, ABSOLUTE, COMPRESSED[0x000000e8])

    Base Addr    Size         Type   Attr      Idx    E Section Name        Object

    0x20000000   0x00000010   Data   RW         3109    .data               stm32f4xx_rcc.o
    0x20000010   0x00000004   Data   RW         5659    .data               common.o
    0x20000014   0x0000009d   Data   RW         5770    .data               track.o
    0x200000b1   0x00000003   PAD
    0x200000b4   0x00000070   Data   RW         6045    .data               mainmap.o
    0x20000124   0x00000024   Data   RW         6136    .data               task.o
    0x20000148   0x00000008   Data   RW         6203    .data               mymath.o
    0x20000150   0x00000018   Data   RW         6271    .data               processfunctions.o
    0x20000168   0x00000001   Data   RW         6394    .data               exceptionfunction.o
    0x20000169   0x00000003   PAD
    0x2000016c   0x00000010   Data   RW         6513    .data               travel.o
    0x2000017c   0x00000014   Data   RW         6588    .data               treasure.o
    0x20000190   0x00000012   Data   RW         6782    .data               lcd.o
    0x200001a2   0x00000003   Data   RW         6951    .data               led.o
    0x200001a5   0x00000013   Data   RW         7039    .data               sen2020.o
    0x200001b8   0x00000002   Data   RW         7329    .data               motorencoder.o
    0x200001ba   0x00000002   PAD
    0x200001bc   0x00000005   Data   RW         7537    .data               key.o
    0x200001c1   0x00000003   PAD
    0x200001c4   0x00000014   Data   RW         7612    .data               bsp_flash.o
    0x200001d8   0x00000004   Data   RW         7672    .data               beep.o
    0x200001dc   0x0000000c   Data   RW         7724    .data               photoswitch.o
    0x200001e8   0x0000005c   Data   RW         7792    .data               ws2811.o
    0x20000244   0x00000020   Data   RW         7931    .data               map.o
    0x20000264   0x0000000c   Data   RW         8163    .data               buttonir.o
    0x20000270   0x000000ec   Data   RW         8315    .data               motor.o
    0x2000035c   0x00000005   Data   RW         8473    .data               respcom.o
    0x20000361   0x00000003   PAD
    0x20000364   0x0000002d   Data   RW         8649    .data               lcd_print.o
    0x20000391   0x00000003   PAD
    0x20000394   0x00000018   Data   RW         8792    .data               lcd_show.o
    0x200003ac   0x00000008   Data   RW         9005    .data               flash.o
    0x200003b4   0x00000004   Data   RW         9166    .data               mc_w.l(mvars.o)
    0x200003b8   0x00000004   Data   RW         9167    .data               mc_w.l(mvars.o)
    0x200003bc   0x00000004   Data   RW         9170    .data               mc_w.l(cpp_memory.o)
    0x200003c0   0x00000008   Data   RW         9173    .data               mc_w.l(cpp_unwinder.o)
    0x200003c8   0x00000040   Zero   RW         5769    .bss                track.o
    0x20000408   0x000000c8   Zero   RW         6202    .bss                mymath.o
    0x200004d0   0x00000010   Zero   RW         6511    .bss                travel.o
    0x200004e0   0x0000000c   Zero   RW         6587    .bss                treasure.o
    0x200004ec   0x00000050   Zero   RW         7328    .bss                motorencoder.o
    0x2000053c   0x00000420   Zero   RW         7791    .bss                ws2811.o
    0x2000095c   0x00000640   Zero   RW         7930    .bss                map.o
    0x20000f9c   0x000001b8   Zero   RW         8791    .bss                lcd_show.o
    0x20001154   0x00000190   Zero   RW         9004    .bss                flash.o
    0x200012e4   0x00000004   PAD
    0x200012e8   0x00008000   Zero   RW          142    HEAP                startup_stm32f40_41xxx.o
    0x200092e8   0x00008000   Zero   RW          141    STACK               startup_stm32f40_41xxx.o


==============================================================================

Image component sizes


      Code (inc. data)   RO Data    RW Data    ZI Data      Debug   Object Name

       122          0          0          0          0       3325   actions.o
       292         26          0          0          0       2260   adc.o
       132         22          0          4          0       2608   beep.o
       368         58          0         20          0       4459   bsp_flash.o
        64         14          0         12          0       1795   buttonir.o
        88         14          0          0          0       1472   cameraflash.o
       260         18          0          4          0       2287   common.o
       224         58          0          1          0       3193   exceptionfunction.o
       304         52          0          8        400       6431   flash.o
       152         62         73          0          0        799   flashoperation.o
       416         34          0          5          0       3986   key.o
      3744        252       6080         18          0      11919   lcd.o
      1394        136          0         45          0      10180   lcd_print.o
      4318       1578          0         24        440      20644   lcd_show.o
       240         22          0          3          0     239556   led.o
        54          0          0          0          0        641   lobotservocontroller.o
       224         40          0          0          0     237273   main.o
      4076        932          0        112          0       9234   mainmap.o
      1208        278          0         32       1600       9510   map.o
       172         42          0          0          0       4685   mapnode.o
       386        144          0          0          0       3452   mappath.o
       180         24          0          0          0       2041   misc.o
      1138        178          0        236          0     245205   motor.o
       472         68          0          2         80     243758   motorencoder.o
       264         14          0          8        200       2079   mymath.o
       198         38          0         12          0       3010   photoswitch.o
      1412        292          0         24          0       6923   processfunctions.o
       172          0          0          0          0        535   rcc.o
        90         32          0          5          0       1970   respcom.o
       420         74          0         19          0       3676   sen2020.o
        36          8        392          0      65536        824   startup_stm32f40_41xxx.o
       374         24          0          0          0       5398   stm32f4xx_adc.o
       518         40          0          0          0       4768   stm32f4xx_dma.o
       184         16          0          0          0       2052   stm32f4xx_exti.o
       402         40          0          0          0       4353   stm32f4xx_flash.o
       344         16          0          0          0       1981   stm32f4xx_fsmc.o
       240          0          0          0          0       3439   stm32f4xx_gpio.o
        26          0          0          0          0       5834   stm32f4xx_it.o
       432         56          0         16          0       6819   stm32f4xx_rcc.o
       278         24          0          0          0       2919   stm32f4xx_spi.o
        64          4          0          0          0        640   stm32f4xx_syscfg.o
       608         48          0          0          0       7295   stm32f4xx_tim.o
       486          8          0          0          0       6529   stm32f4xx_usart.o
        48          0          0          0          0       1034   string.o
       340         32          0          0          0     345061   system_stm32f4xx.o
       308         62          0         36          0       4141   task.o
       320         22          0          0          0       2161   tim.o
      1808        326          0        157         64      17260   track.o
       416         84         40         16         16       5094   travel.o
       328         88          0         20         12       4534   treasure.o
       700         44          0          0          0       4649   usart.o
       578         42          0         92       1056       5419   ws2811.o

    ----------------------------------------------------------------------
     31480       5486       6620        948      69408    1531110   Object Totals
         0          0         32          0          0          0   (incl. Generated)
        58          0          3         17          4          0   (incl. Padding)

    ----------------------------------------------------------------------

      Code (inc. data)   RO Data    RW Data    ZI Data      Debug   Library Member Name

        28          0          0          0          0         84   ARM_vec_cleanup_noexceptions.o
        22          0          0          0          0         80   aeabi_vec_new_nocookie.o
        80         12          0          0          0        104   arm_exceptions_globs.o
        60          0          0          0          0        108   arm_exceptions_mem.o
        26          0          0          0          0         76   arm_exceptions_terminate.o
         4          0          0          0          0         68   arm_newhandler_noexceptions.o
         2          0          0          0          0         68   arm_rethrow_noexceptions.o
         8          0          0          0          0         76   array_del.o
         8          0          0          0          0         76   array_new.o
       146          0          0          0          0         96   array_new_general.o
        24          6          0          0          0         84   cxa_vec_new.o
         8          0          0          0          0         76   delete.o
        40          6          0          0          0         76   new.o
        86          0          0          0          0          0   __dczerorl2.o
         8          4          0          4          0         68   cpp_memory.o
        32          6          0          8          0        252   cpp_unwinder.o
         0          0          0          0          0          0   entry.o
         0          0          0          0          0          0   entry10a.o
         0          0          0          0          0          0   entry11a.o
         8          4          0          0          0          0   entry2.o
         4          0          0          0          0          0   entry5.o
         0          0          0          0          0          0   entry7b.o
         0          0          0          0          0          0   entry8b.o
         8          4          0          0          0          0   entry9a.o
        30          0          0          0          0          0   handlers.o
        36          8          0          0          0         68   init.o
         0          0          0          0          0          0   iusefp.o
        30          0          0          0          0         68   llshl.o
        36          0          0          0          0         68   llsshr.o
        32          0          0          0          0         68   llushr.o
       188         20          0          0          0        160   malloc.o
        36          0          0          0          0         68   memcpya.o
        36          0          0          0          0        108   memseta.o
         0          0          0          8          0          0   mvars.o
       334          0          0          0          0        148   dadd.o
       182          0          0          0          0        176   depilogue.o
        62          0          0          0          0         80   dfixi.o
        34          0          0          0          0         76   dflti.o
       228          0          0          0          0         96   dmul.o

    ----------------------------------------------------------------------
      1868         70          0         20          0       2576   Library Totals
         2          0          0          0          0          0   (incl. Padding)

    ----------------------------------------------------------------------

      Code (inc. data)   RO Data    RW Data    ZI Data      Debug   Library Name

       456         24          0          0          0       1072   cpprt_w.l
       570         46          0         20          0        928   mc_w.l
       840          0          0          0          0        576   mf_w.l

    ----------------------------------------------------------------------
      1868         70          0         20          0       2576   Library Totals

    ----------------------------------------------------------------------

==============================================================================


      Code (inc. data)   RO Data    RW Data    ZI Data      Debug   

     33348       5556       6620        968      69408    1500870   Grand Totals
     33348       5556       6620        232      69408    1500870   ELF Image Totals (compressed)
     33348       5556       6620        232          0          0   ROM Totals

==============================================================================

    Total RO  Size (Code + RO Data)                39968 (  39.03kB)
    Total RW  Size (RW Data + ZI Data)             70376 (  68.73kB)
    Total ROM Size (Code + RO Data + RW Data)      40200 (  39.26kB)

==============================================================================

